Component: ARM Compiler 5.06 update 7 (build 960) Tool: armlink [4d3601]

==============================================================================

Section Cross References

    startup_stm32f40xx.o(RESET) refers to startup_stm32f40xx.o(STACK) for __initial_sp
    startup_stm32f40xx.o(RESET) refers to startup_stm32f40xx.o(.text) for Reset_Handler
    startup_stm32f40xx.o(RESET) refers to stm32f4xx_it.o(i.NMI_Handler) for NMI_Handler
    startup_stm32f40xx.o(RESET) refers to stm32f4xx_it.o(i.HardFault_Handler) for HardFault_Handler
    startup_stm32f40xx.o(RESET) refers to stm32f4xx_it.o(i.MemManage_Handler) for MemManage_Handler
    startup_stm32f40xx.o(RESET) refers to stm32f4xx_it.o(i.BusFault_Handler) for BusFault_Handler
    startup_stm32f40xx.o(RESET) refers to stm32f4xx_it.o(i.UsageFault_Handler) for UsageFault_Handler
    startup_stm32f40xx.o(RESET) refers to port.o(.emb_text) for SVC_Handler
    startup_stm32f40xx.o(RESET) refers to stm32f4xx_it.o(i.DebugMon_Handler) for DebugMon_Handler
    startup_stm32f40xx.o(RESET) refers to port.o(i.SysTick_Handler) for SysTick_Handler
    startup_stm32f40xx.o(RESET) refers to stm32f4xx_it.o(i.EXTI4_IRQHandler) for EXTI4_IRQHandler
    startup_stm32f40xx.o(RESET) refers to stm32f4xx_it.o(i.DMA1_Stream5_IRQHandler) for DMA1_Stream5_IRQHandler
    startup_stm32f40xx.o(RESET) refers to stm32f4xx_it.o(i.TIM2_IRQHandler) for TIM2_IRQHandler
    startup_stm32f40xx.o(RESET) refers to stm32f4xx_it.o(i.USART1_IRQHandler) for USART1_IRQHandler
    startup_stm32f40xx.o(RESET) refers to gy901.o(i.USART2_IRQHandler) for USART2_IRQHandler
    startup_stm32f40xx.o(.text) refers to system_stm32f4xx.o(i.SystemInit) for SystemInit
    startup_stm32f40xx.o(.text) refers to entry.o(.ARM.Collect$$$$00000000) for __main
    system_stm32f4xx.o(i.SystemCoreClockUpdate) refers to system_stm32f4xx.o(.data) for SystemCoreClock
    system_stm32f4xx.o(i.SystemInit) refers to system_stm32f4xx.o(i.SetSysClock) for SetSysClock
    stm32f4xx_adc.o(i.ADC_DeInit) refers to stm32f4xx_rcc.o(i.RCC_APB2PeriphResetCmd) for RCC_APB2PeriphResetCmd
    stm32f4xx_can.o(i.CAN_DeInit) refers to stm32f4xx_rcc.o(i.RCC_APB1PeriphResetCmd) for RCC_APB1PeriphResetCmd
    stm32f4xx_can.o(i.CAN_GetITStatus) refers to stm32f4xx_can.o(i.CheckITStatus) for CheckITStatus
    stm32f4xx_cryp.o(i.CRYP_DeInit) refers to stm32f4xx_rcc.o(i.RCC_AHB2PeriphResetCmd) for RCC_AHB2PeriphResetCmd
    stm32f4xx_cryp_aes.o(i.CRYP_AES_CBC) refers to stm32f4xx_cryp.o(i.CRYP_KeyStructInit) for CRYP_KeyStructInit
    stm32f4xx_cryp_aes.o(i.CRYP_AES_CBC) refers to stm32f4xx_cryp.o(i.CRYP_FIFOFlush) for CRYP_FIFOFlush
    stm32f4xx_cryp_aes.o(i.CRYP_AES_CBC) refers to stm32f4xx_cryp.o(i.CRYP_Init) for CRYP_Init
    stm32f4xx_cryp_aes.o(i.CRYP_AES_CBC) refers to stm32f4xx_cryp.o(i.CRYP_KeyInit) for CRYP_KeyInit
    stm32f4xx_cryp_aes.o(i.CRYP_AES_CBC) refers to stm32f4xx_cryp.o(i.CRYP_Cmd) for CRYP_Cmd
    stm32f4xx_cryp_aes.o(i.CRYP_AES_CBC) refers to stm32f4xx_cryp.o(i.CRYP_GetFlagStatus) for CRYP_GetFlagStatus
    stm32f4xx_cryp_aes.o(i.CRYP_AES_CBC) refers to stm32f4xx_cryp.o(i.CRYP_IVInit) for CRYP_IVInit
    stm32f4xx_cryp_aes.o(i.CRYP_AES_CBC) refers to stm32f4xx_cryp.o(i.CRYP_GetCmdStatus) for CRYP_GetCmdStatus
    stm32f4xx_cryp_aes.o(i.CRYP_AES_CBC) refers to stm32f4xx_cryp.o(i.CRYP_DataIn) for CRYP_DataIn
    stm32f4xx_cryp_aes.o(i.CRYP_AES_CBC) refers to stm32f4xx_cryp.o(i.CRYP_DataOut) for CRYP_DataOut
    stm32f4xx_cryp_aes.o(i.CRYP_AES_CCM) refers to stm32f4xx_cryp.o(i.CRYP_KeyStructInit) for CRYP_KeyStructInit
    stm32f4xx_cryp_aes.o(i.CRYP_AES_CCM) refers to stm32f4xx_cryp.o(i.CRYP_FIFOFlush) for CRYP_FIFOFlush
    stm32f4xx_cryp_aes.o(i.CRYP_AES_CCM) refers to stm32f4xx_cryp.o(i.CRYP_KeyInit) for CRYP_KeyInit
    stm32f4xx_cryp_aes.o(i.CRYP_AES_CCM) refers to stm32f4xx_cryp.o(i.CRYP_IVInit) for CRYP_IVInit
    stm32f4xx_cryp_aes.o(i.CRYP_AES_CCM) refers to stm32f4xx_cryp.o(i.CRYP_Init) for CRYP_Init
    stm32f4xx_cryp_aes.o(i.CRYP_AES_CCM) refers to stm32f4xx_cryp.o(i.CRYP_PhaseConfig) for CRYP_PhaseConfig
    stm32f4xx_cryp_aes.o(i.CRYP_AES_CCM) refers to stm32f4xx_cryp.o(i.CRYP_DataIn) for CRYP_DataIn
    stm32f4xx_cryp_aes.o(i.CRYP_AES_CCM) refers to stm32f4xx_cryp.o(i.CRYP_Cmd) for CRYP_Cmd
    stm32f4xx_cryp_aes.o(i.CRYP_AES_CCM) refers to stm32f4xx_cryp.o(i.CRYP_GetCmdStatus) for CRYP_GetCmdStatus
    stm32f4xx_cryp_aes.o(i.CRYP_AES_CCM) refers to stm32f4xx_cryp.o(i.CRYP_GetFlagStatus) for CRYP_GetFlagStatus
    stm32f4xx_cryp_aes.o(i.CRYP_AES_CCM) refers to stm32f4xx_cryp.o(i.CRYP_DataOut) for CRYP_DataOut
    stm32f4xx_cryp_aes.o(i.CRYP_AES_CTR) refers to stm32f4xx_cryp.o(i.CRYP_KeyStructInit) for CRYP_KeyStructInit
    stm32f4xx_cryp_aes.o(i.CRYP_AES_CTR) refers to stm32f4xx_cryp.o(i.CRYP_KeyInit) for CRYP_KeyInit
    stm32f4xx_cryp_aes.o(i.CRYP_AES_CTR) refers to stm32f4xx_cryp.o(i.CRYP_Init) for CRYP_Init
[...]
    Removing mpu6050.o(i.MPU_Init), (204 bytes).
    Removing mpu6050.o(i.MPU_Read_Byte), (26 bytes).
    Removing mpu6050.o(i.MPU_Read_Len), (30 bytes).
    Removing mpu6050.o(i.MPU_Set_Accel_Fsr), (16 bytes).
    Removing mpu6050.o(i.MPU_Set_Gyro_Fsr), (16 bytes).
    Removing mpu6050.o(i.MPU_Set_LPF), (58 bytes).
    Removing mpu6050.o(i.MPU_Set_Rate), (58 bytes).
    Removing mpu6050.o(i.MPU_Write_Byte), (20 bytes).
    Removing mpu6050.o(i.MPU_Write_Len), (30 bytes).
    Removing inv_mpu.o(.rev16_text), (4 bytes).
    Removing inv_mpu.o(.revsh_text), (4 bytes).
    Removing inv_mpu.o(i.accel_self_test), (192 bytes).
    Removing inv_mpu.o(i.get_accel_prod_shift), (208 bytes).
    Removing inv_mpu.o(i.get_st_biases), (1132 bytes).
    Removing inv_mpu.o(i.gyro_self_test), (284 bytes).
    Removing inv_mpu.o(i.inv_orientation_matrix_to_scalar), (40 bytes).
    Removing inv_mpu.o(i.inv_row_2_scale), (78 bytes).
    Removing inv_mpu.o(i.mget_ms), (2 bytes).
    Removing inv_mpu.o(i.mpu_configure_fifo), (112 bytes).
    Removing inv_mpu.o(i.mpu_dmp_get_data), (536 bytes).
    Removing inv_mpu.o(i.mpu_dmp_init), (160 bytes).
    Removing inv_mpu.o(i.mpu_get_accel_fsr), (76 bytes).
    Removing inv_mpu.o(i.mpu_get_accel_reg), (116 bytes).
    Removing inv_mpu.o(i.mpu_get_accel_sens), (84 bytes).
    Removing inv_mpu.o(i.mpu_get_compass_fsr), (8 bytes).
    Removing inv_mpu.o(i.mpu_get_compass_reg), (8 bytes).
    Removing inv_mpu.o(i.mpu_get_compass_sample_rate), (10 bytes).
    Removing inv_mpu.o(i.mpu_get_dmp_state), (20 bytes).
    Removing inv_mpu.o(i.mpu_get_fifo_config), (16 bytes).
    Removing inv_mpu.o(i.mpu_get_gyro_fsr), (68 bytes).
    Removing inv_mpu.o(i.mpu_get_gyro_reg), (116 bytes).
    Removing inv_mpu.o(i.mpu_get_gyro_sens), (96 bytes).
    Removing inv_mpu.o(i.mpu_get_int_status), (68 bytes).
    Removing inv_mpu.o(i.mpu_get_lpf), (80 bytes).
    Removing inv_mpu.o(i.mpu_get_power_state), (28 bytes).
    Removing inv_mpu.o(i.mpu_get_sample_rate), (32 bytes).
    Removing inv_mpu.o(i.mpu_get_temperature), (156 bytes).
    Removing inv_mpu.o(i.mpu_init), (496 bytes).
    Removing inv_mpu.o(i.mpu_load_firmware), (184 bytes).
    Removing inv_mpu.o(i.mpu_lp_accel_mode), (224 bytes).
    Removing inv_mpu.o(i.mpu_lp_motion_interrupt), (516 bytes).
    Removing inv_mpu.o(i.mpu_read_fifo), (504 bytes).
    Removing inv_mpu.o(i.mpu_read_fifo_stream), (192 bytes).
    Removing inv_mpu.o(i.mpu_read_mem), (128 bytes).
    Removing inv_mpu.o(i.mpu_read_reg), (72 bytes).
    Removing inv_mpu.o(i.mpu_reg_dump), (104 bytes).
    Removing inv_mpu.o(i.mpu_reset_fifo), (456 bytes).
    Removing inv_mpu.o(i.mpu_run_self_test), (284 bytes).
    Removing inv_mpu.o(i.mpu_set_accel_bias), (384 bytes).
    Removing inv_mpu.o(i.mpu_set_accel_fsr), (132 bytes).
    Removing inv_mpu.o(i.mpu_set_bypass), (332 bytes).
    Removing inv_mpu.o(i.mpu_set_compass_sample_rate), (8 bytes).
    Removing inv_mpu.o(i.mpu_set_dmp_state), (144 bytes).
    Removing inv_mpu.o(i.mpu_set_gyro_fsr), (136 bytes).
    Removing inv_mpu.o(i.mpu_set_int_latched), (108 bytes).
    Removing inv_mpu.o(i.mpu_set_int_level), (16 bytes).
    Removing inv_mpu.o(i.mpu_set_lpf), (132 bytes).
    Removing inv_mpu.o(i.mpu_set_sample_rate), (156 bytes).
    Removing inv_mpu.o(i.mpu_set_sensors), (208 bytes).
    Removing inv_mpu.o(i.mpu_write_mem), (128 bytes).
    Removing inv_mpu.o(i.run_self_test), (154 bytes).
    Removing inv_mpu.o(i.set_int_enable), (144 bytes).
    Removing inv_mpu.o(i.setup_compass), (6 bytes).
    Removing inv_mpu.o(.constdata), (80 bytes).
    Removing inv_mpu.o(.conststring), (77 bytes).
    Removing inv_mpu.o(.data), (53 bytes).
    Removing inv_mpu_dmp_motion_driver.o(.rev16_text), (4 bytes).
    Removing inv_mpu_dmp_motion_driver.o(.revsh_text), (4 bytes).
    Removing inv_mpu_dmp_motion_driver.o(i.decode_gesture), (100 bytes).
    Removing inv_mpu_dmp_motion_driver.o(i.dmp_enable_6x_lp_quat), (60 bytes).
    Removing inv_mpu_dmp_motion_driver.o(i.dmp_enable_feature), (540 bytes).
    Removing inv_mpu_dmp_motion_driver.o(i.dmp_enable_gyro_cal), (88 bytes).
    Removing inv_mpu_dmp_motion_driver.o(i.dmp_enable_lp_quat), (60 bytes).
    Removing inv_mpu_dmp_motion_driver.o(i.dmp_get_enabled_features), (16 bytes).
    Removing inv_mpu_dmp_motion_driver.o(i.dmp_get_fifo_rate), (16 bytes).
    Removing inv_mpu_dmp_motion_driver.o(i.dmp_get_pedometer_step_count), (66 bytes).
    Removing inv_mpu_dmp_motion_driver.o(i.dmp_get_pedometer_walk_time), (72 bytes).
    Removing inv_mpu_dmp_motion_driver.o(i.dmp_load_motion_driver_firmware), (24 bytes).
    Removing inv_mpu_dmp_motion_driver.o(i.dmp_read_fifo), (460 bytes).
    Removing inv_mpu_dmp_motion_driver.o(i.dmp_register_android_orient_cb), (16 bytes).
    Removing inv_mpu_dmp_motion_driver.o(i.dmp_register_tap_cb), (16 bytes).
    Removing inv_mpu_dmp_motion_driver.o(i.dmp_set_accel_bias), (304 bytes).
    Removing inv_mpu_dmp_motion_driver.o(i.dmp_set_fifo_rate), (112 bytes).
    Removing inv_mpu_dmp_motion_driver.o(i.dmp_set_gyro_bias), (304 bytes).
    Removing inv_mpu_dmp_motion_driver.o(i.dmp_set_interrupt_mode), (92 bytes).
    Removing inv_mpu_dmp_motion_driver.o(i.dmp_set_orientation), (312 bytes).
    Removing inv_mpu_dmp_motion_driver.o(i.dmp_set_pedometer_step_count), (42 bytes).
    Removing inv_mpu_dmp_motion_driver.o(i.dmp_set_pedometer_walk_time), (48 bytes).
    Removing inv_mpu_dmp_motion_driver.o(i.dmp_set_shake_reject_thresh), (56 bytes).
    Removing inv_mpu_dmp_motion_driver.o(i.dmp_set_shake_reject_time), (38 bytes).
    Removing inv_mpu_dmp_motion_driver.o(i.dmp_set_shake_reject_timeout), (38 bytes).
    Removing inv_mpu_dmp_motion_driver.o(i.dmp_set_tap_axes), (70 bytes).
    Removing inv_mpu_dmp_motion_driver.o(i.dmp_set_tap_count), (38 bytes).
    Removing inv_mpu_dmp_motion_driver.o(i.dmp_set_tap_thresh), (448 bytes).
    Removing inv_mpu_dmp_motion_driver.o(i.dmp_set_tap_time), (38 bytes).
    Removing inv_mpu_dmp_motion_driver.o(i.dmp_set_tap_time_multi), (38 bytes).
    Removing inv_mpu_dmp_motion_driver.o(.bss), (16 bytes).
    Removing inv_mpu_dmp_motion_driver.o(.constdata), (3062 bytes).
    Removing dma.o(.rev16_text), (4 bytes).
    Removing dma.o(.revsh_text), (4 bytes).
    Removing dma.o(i.CameraUsartDmaConfig), (148 bytes).
    Removing dma.o(.bss), (15 bytes).
    Removing gy901.o(.rev16_text), (4 bytes).
    Removing gy901.o(.revsh_text), (4 bytes).
    Removing gy901.o(i.Gy901USARTSendData), (48 bytes).
    Removing gy901.o(i.Gy901UsartDmaTxConfig), (152 bytes).
    Removing gy901.o(i.Gy901UsartInit), (188 bytes).
    Removing gy901.o(i.Gy901WriteData), (48 bytes).
    Removing gy901.o(i.Gy901WriteStart), (28 bytes).
    Removing gy901.o(i.Gy901WriteStop), (28 bytes).
    Removing gy901.o(i.Gy901_Init), (38 bytes).
    Removing event_groups.o(i.prvTestWaitCondition), (30 bytes).
    Removing event_groups.o(i.uxEventGroupGetNumber), (14 bytes).
    Removing event_groups.o(i.vEventGroupClearBitsCallback), (16 bytes).
    Removing event_groups.o(i.vEventGroupDelete), (106 bytes).
    Removing event_groups.o(i.vEventGroupSetBitsCallback), (16 bytes).
    Removing event_groups.o(i.vEventGroupSetNumber), (4 bytes).
    Removing event_groups.o(i.xEventGroupClearBits), (92 bytes).
    Removing event_groups.o(i.xEventGroupCreate), (26 bytes).
    Removing event_groups.o(i.xEventGroupGetBitsFromISR), (44 bytes).
    Removing event_groups.o(i.xEventGroupSetBits), (206 bytes).
    Removing event_groups.o(i.xEventGroupSync), (272 bytes).
    Removing event_groups.o(i.xEventGroupWaitBits), (344 bytes).
    Removing list.o(i.uxListRemove), (40 bytes).
    Removing list.o(i.vListInitialise), (26 bytes).
    Removing list.o(i.vListInitialiseItem), (6 bytes).
    Removing list.o(i.vListInsert), (52 bytes).
    Removing list.o(i.vListInsertEnd), (24 bytes).
    Removing queue.o(i.pcQueueGetName), (68 bytes).
    Removing queue.o(i.prvCopyDataFromQueue), (42 bytes).
    Removing queue.o(i.prvCopyDataToQueue), (126 bytes).
    Removing queue.o(i.prvGetDisinheritPriorityAfterTimeout), (20 bytes).
    Removing queue.o(i.prvInitialiseMutex), (30 bytes).
    Removing queue.o(i.prvInitialiseNewQueue), (42 bytes).
    Removing queue.o(i.prvIsQueueEmpty), (26 bytes).
    Removing queue.o(i.prvIsQueueFull), (30 bytes).
    Removing queue.o(i.prvUnlockQueue), (126 bytes).
    Removing queue.o(i.ucQueueGetQueueType), (8 bytes).
    Removing queue.o(i.uxQueueGetQueueNumber), (6 bytes).
    Removing queue.o(i.uxQueueMessagesWaiting), (42 bytes).
    Removing queue.o(i.uxQueueMessagesWaitingFromISR), (34 bytes).
    Removing queue.o(i.uxQueueSpacesAvailable), (48 bytes).
    Removing queue.o(i.vQueueAddToRegistry), (96 bytes).
    Removing queue.o(i.vQueueDelete), (44 bytes).
    Removing queue.o(i.vQueueSetQueueNumber), (4 bytes).
    Removing queue.o(i.vQueueUnregisterQueue), (72 bytes).
    Removing queue.o(i.vQueueWaitForMessageRestricted), (74 bytes).
    Removing queue.o(i.xQueueCreateCountingSemaphore), (60 bytes).
    Removing queue.o(i.xQueueCreateMutex), (34 bytes).
    Removing queue.o(i.xQueueGenericCreate), (102 bytes).
    Removing queue.o(i.xQueueGenericReset), (220 bytes).
    Removing queue.o(i.xQueueGenericSend), (424 bytes).
    Removing queue.o(i.xQueueGenericSendFromISR), (296 bytes).
    Removing queue.o(i.xQueueGiveFromISR), (272 bytes).
    Removing queue.o(i.xQueueGiveMutexRecursive), (72 bytes).
    Removing queue.o(i.xQueueIsQueueEmptyFromISR), (42 bytes).
    Removing queue.o(i.xQueueIsQueueFullFromISR), (46 bytes).
    Removing queue.o(i.xQueuePeek), (368 bytes).
    Removing queue.o(i.xQueuePeekFromISR), (176 bytes).
    Removing queue.o(i.xQueueReceive), (360 bytes).
    Removing queue.o(i.xQueueReceiveFromISR), (252 bytes).
    Removing queue.o(i.xQueueSemaphoreTake), (404 bytes).
    Removing queue.o(i.xQueueTakeMutexRecursive), (78 bytes).
    Removing queue.o(.bss), (64 bytes).
    Removing stream_buffer.o(i.prvBytesInBuffer), (24 bytes).
    Removing stream_buffer.o(i.prvInitialiseNewStreamBuffer), (90 bytes).
    Removing stream_buffer.o(i.prvReadBytesFromBuffer), (180 bytes).
    Removing stream_buffer.o(i.prvReadMessageFromBuffer), (90 bytes).
    Removing stream_buffer.o(i.prvWriteBytesToBuffer), (184 bytes).
    Removing stream_buffer.o(i.prvWriteMessageToBuffer), (124 bytes).
    Removing stream_buffer.o(i.ucStreamBufferGetStreamBufferType), (10 bytes).
    Removing stream_buffer.o(i.uxStreamBufferGetStreamBufferNumber), (6 bytes).
    Removing stream_buffer.o(i.vStreamBufferDelete), (56 bytes).
    Removing stream_buffer.o(i.vStreamBufferSetStreamBufferNumber), (4 bytes).
    Removing stream_buffer.o(i.xStreamBufferBytesAvailable), (42 bytes).
    Removing stream_buffer.o(i.xStreamBufferGenericCreate), (180 bytes).
    Removing stream_buffer.o(i.xStreamBufferIsEmpty), (46 bytes).
    Removing stream_buffer.o(i.xStreamBufferIsFull), (64 bytes).
    Removing stream_buffer.o(i.xStreamBufferNextMessageLengthBytes), (108 bytes).
    Removing stream_buffer.o(i.xStreamBufferReceive), (262 bytes).
    Removing stream_buffer.o(i.xStreamBufferReceiveCompletedFromISR), (104 bytes).
    Removing stream_buffer.o(i.xStreamBufferReceiveFromISR), (184 bytes).
    Removing stream_buffer.o(i.xStreamBufferReset), (84 bytes).
    Removing stream_buffer.o(i.xStreamBufferSend), (346 bytes).
    Removing stream_buffer.o(i.xStreamBufferSendCompletedFromISR), (104 bytes).
    Removing stream_buffer.o(i.xStreamBufferSendFromISR), (186 bytes).
    Removing stream_buffer.o(i.xStreamBufferSetTriggerLevel), (50 bytes).
    Removing stream_buffer.o(i.xStreamBufferSpacesAvailable), (64 bytes).
    Removing tasks.o(i.eTaskGetState), (164 bytes).
    Removing tasks.o(i.pcTaskGetName), (48 bytes).
    Removing tasks.o(i.prvAddCurrentTaskToDelayedList), (192 bytes).
    Removing tasks.o(i.prvAddNewTaskToReadyList), (236 bytes).
    Removing tasks.o(i.prvCheckTasksWaitingTermination), (72 bytes).
    Removing tasks.o(i.prvDeleteTCB), (18 bytes).
    Removing tasks.o(i.prvIdleTask), (40 bytes).
    Removing tasks.o(i.prvInitialiseNewTask), (204 bytes).
    Removing tasks.o(i.prvInitialiseTaskLists), (104 bytes).
    Removing tasks.o(i.prvListTasksWithinSingleList), (106 bytes).
    Removing tasks.o(i.prvTaskCheckFreeStackSpace), (22 bytes).
    Removing tasks.o(i.prvTaskIsTaskSuspended), (88 bytes).
    Removing tasks.o(i.pvTaskIncrementMutexHeldCount), (32 bytes).
    Removing tasks.o(i.ulTaskGenericNotifyTake), (168 bytes).
    Removing tasks.o(i.ulTaskGenericNotifyValueClear), (64 bytes).
    Removing tasks.o(i.uxTaskGetNumberOfTasks), (12 bytes).
    Removing tasks.o(i.uxTaskGetSystemState), (176 bytes).
    Removing tasks.o(i.uxTaskGetTaskNumber), (14 bytes).
    Removing tasks.o(i.uxTaskPriorityGet), (36 bytes).
    Removing tasks.o(i.uxTaskPriorityGetFromISR), (68 bytes).
    Removing tasks.o(i.uxTaskResetEventItemValue), (28 bytes).
    Removing tasks.o(i.vTaskDelay), (92 bytes).
    Removing tasks.o(i.vTaskDelete), (252 bytes).
    Removing tasks.o(i.vTaskEndScheduler), (36 bytes).
    Removing tasks.o(i.vTaskGenericNotifyGiveFromISR), (396 bytes).
    Removing tasks.o(i.vTaskGetInfo), (132 bytes).
    Removing tasks.o(i.vTaskInternalSetTimeOutState), (24 bytes).
    Removing tasks.o(i.vTaskMissedYield), (12 bytes).
    Removing tasks.o(i.vTaskPlaceOnEventList), (56 bytes).
    Removing tasks.o(i.vTaskPlaceOnEventListRestricted), (100 bytes).
    Removing tasks.o(i.vTaskPlaceOnUnorderedEventList), (144 bytes).
    Removing tasks.o(i.vTaskPriorityDisinheritAfterTimeout), (280 bytes).
    Removing tasks.o(i.vTaskPrioritySet), (328 bytes).
    Removing tasks.o(i.vTaskRemoveFromUnorderedEventList), (272 bytes).
    Removing tasks.o(i.vTaskResume), (196 bytes).
    Removing tasks.o(i.vTaskSetTaskNumber), (8 bytes).
    Removing tasks.o(i.vTaskSetTimeOutState), (60 bytes).
    Removing tasks.o(i.vTaskStartScheduler), (156 bytes).
    Removing tasks.o(i.vTaskSuspend), (256 bytes).
    Removing tasks.o(i.vTaskSuspendAll), (16 bytes).
    Removing tasks.o(i.xTaskCatchUpTicks), (80 bytes).
    Removing tasks.o(i.xTaskCheckForTimeOut), (144 bytes).
    Removing tasks.o(i.xTaskCreate), (104 bytes).
    Removing tasks.o(i.xTaskDelayUntil), (216 bytes).
    Removing tasks.o(i.xTaskGenericNotify), (464 bytes).
    Removing tasks.o(i.xTaskGenericNotifyFromISR), (548 bytes).
    Removing tasks.o(i.xTaskGenericNotifyStateClear), (96 bytes).
    Removing tasks.o(i.xTaskGenericNotifyWait), (204 bytes).
    Removing tasks.o(i.xTaskGetCurrentTaskHandle), (12 bytes).
    Removing tasks.o(i.xTaskGetSchedulerState), (32 bytes).
    Removing tasks.o(i.xTaskGetTickCount), (12 bytes).
    Removing tasks.o(i.xTaskGetTickCountFromISR), (20 bytes).
    Removing tasks.o(i.xTaskPriorityDisinherit), (240 bytes).
    Removing tasks.o(i.xTaskPriorityInherit), (236 bytes).
    Removing tasks.o(i.xTaskRemoveFromEventList), (288 bytes).
    Removing tasks.o(i.xTaskResumeAll), (376 bytes).
    Removing tasks.o(i.xTaskResumeFromISR), (244 bytes).
    Removing timers.o(i.pcTimerGetName), (32 bytes).
    Removing timers.o(i.prvCheckForValidListAndQueue), (100 bytes).
    Removing timers.o(i.prvGetNextExpireTime), (40 bytes).
    Removing timers.o(i.prvInitialiseNewTimer), (88 bytes).
    Removing timers.o(i.prvInsertTimerInActiveList), (88 bytes).
    Removing timers.o(i.prvProcessExpiredTimer), (68 bytes).
    Removing timers.o(i.prvProcessReceivedCommands), (284 bytes).
    Removing timers.o(i.prvProcessTimerOrBlockTask), (116 bytes).
    Removing timers.o(i.prvReloadTimer), (40 bytes).
    Removing timers.o(i.prvSampleTimeNow), (44 bytes).
    Removing timers.o(i.prvSwitchTimerLists), (68 bytes).
    Removing timers.o(i.prvTimerTask), (26 bytes).
    Removing timers.o(i.pvTimerGetTimerID), (44 bytes).
    Removing timers.o(i.uxTimerGetReloadMode), (12 bytes).
    Removing timers.o(i.uxTimerGetTimerNumber), (6 bytes).
    Removing timers.o(i.vTimerSetReloadMode), (70 bytes).
    Removing timers.o(i.vTimerSetTimerID), (44 bytes).
    Removing timers.o(i.vTimerSetTimerNumber), (4 bytes).
    Removing timers.o(i.xTimerCreate), (54 bytes).
    Removing timers.o(i.xTimerCreateTimerTask), (88 bytes).
    Removing timers.o(i.xTimerGenericCommand), (132 bytes).
    Removing timers.o(i.xTimerGetExpiryTime), (34 bytes).
    Removing timers.o(i.xTimerGetPeriod), (32 bytes).
    Removing timers.o(i.xTimerGetReloadMode), (58 bytes).
    Removing timers.o(i.xTimerGetTimerDaemonTaskHandle), (48 bytes).
    Removing timers.o(i.xTimerIsTimerActive), (58 bytes).
    Removing timers.o(.bss), (40 bytes).
    Removing timers.o(.data), (20 bytes).
    Removing port.o(i.prvTaskExitError), (64 bytes).
    Removing port.o(i.pxPortInitialiseStack), (36 bytes).
    Removing port.o(i.vPortEndScheduler), (48 bytes).
    Removing port.o(i.vPortEnterCritical), (84 bytes).
    Removing port.o(i.vPortExitCritical), (60 bytes).
    Removing port.o(i.vPortSetupTimerInterrupt), (40 bytes).
    Removing port.o(i.vPortValidateInterruptPriority), (120 bytes).
    Removing port.o(i.xPortStartScheduler), (248 bytes).
    Removing port.o(.data), (12 bytes).
    Removing heap_4.o(i.prvHeapInit), (112 bytes).
    Removing heap_4.o(i.prvInsertBlockIntoFreeList), (104 bytes).
    Removing heap_4.o(i.pvPortCalloc), (54 bytes).
    Removing heap_4.o(i.pvPortMalloc), (300 bytes).
    Removing heap_4.o(i.vPortFree), (140 bytes).
    Removing heap_4.o(i.vPortGetHeapStats), (128 bytes).
    Removing heap_4.o(i.vPortInitialiseBlocks), (2 bytes).
    Removing heap_4.o(i.xPortGetFreeHeapSize), (12 bytes).
    Removing heap_4.o(i.xPortGetMinimumEverFreeHeapSize), (12 bytes).
    Removing heap_4.o(.bss), (76800 bytes).
    Removing heap_4.o(.data), (28 bytes).
    Removing dadd.o(.text), (334 bytes).
    Removing dmul.o(.text), (228 bytes).
    Removing ddiv.o(.text), (222 bytes).
    Removing dflti.o(.text), (34 bytes).
    Removing f2d.o(.text), (38 bytes).
    Removing d2f.o(.text), (56 bytes).
    Removing fepilogue.o(.text), (110 bytes).
    Removing depilogue.o(.text), (186 bytes).
    Removing dneg.o(.text), (6 bytes).
    Removing dfixul.o(.text), (48 bytes).
    Removing cdcmple.o(.text), (48 bytes).
    Removing cdrcmple.o(.text), (48 bytes).
    Removing dsqrt.o(.text), (162 bytes).

1139 unused section(s) (total 153231 bytes) removed from the image.

==============================================================================

Image Symbol Table

    Local Symbols

    Symbol Name                              Value     Ov Type        Size  Object(Section)

    ../clib/microlib/division.c              0x00000000   Number         0  uldiv.o ABSOLUTE
    ../clib/microlib/division.c              0x00000000   Number         0  uidiv.o ABSOLUTE
    ../clib/microlib/division.c              0x00000000   Number         0  ldiv.o ABSOLUTE
    ../clib/microlib/errno.c                 0x00000000   Number         0  errno.o ABSOLUTE
    ../clib/microlib/init/entry.s            0x00000000   Number         0  entry11b.o ABSOLUTE
    ../clib/microlib/init/entry.s            0x00000000   Number         0  entry2.o ABSOLUTE
    ../clib/microlib/init/entry.s            0x00000000   Number         0  entry12b.o ABSOLUTE
    ../clib/microlib/init/entry.s            0x00000000   Number         0  entry8b.o ABSOLUTE
    ../clib/microlib/init/entry.s            0x00000000   Number         0  entry10b.o ABSOLUTE
    ../clib/microlib/init/entry.s            0x00000000   Number         0  entry8a.o ABSOLUTE
    ../clib/microlib/init/entry.s            0x00000000   Number         0  entry10a.o ABSOLUTE
    ../clib/microlib/init/entry.s            0x00000000   Number         0  entry12a.o ABSOLUTE
    ../clib/microlib/init/entry.s            0x00000000   Number         0  entry5.o ABSOLUTE
    ../clib/microlib/init/entry.s            0x00000000   Number         0  entry7a.o ABSOLUTE
    ../clib/microlib/init/entry.s            0x00000000   Number         0  entry9a.o ABSOLUTE
    ../clib/microlib/init/entry.s            0x00000000   Number         0  entry7b.o ABSOLUTE
    ../clib/microlib/init/entry.s            0x00000000   Number         0  entry9b.o ABSOLUTE
    ../clib/microlib/init/entry.s            0x00000000   Number         0  entry11a.o ABSOLUTE
    ../clib/microlib/init/entry.s            0x00000000   Number         0  entry.o ABSOLUTE
    ../clib/microlib/longlong.c              0x00000000   Number         0  llshl.o ABSOLUTE
    ../clib/microlib/longlong.c              0x00000000   Number         0  llsshr.o ABSOLUTE
    ../clib/microlib/longlong.c              0x00000000   Number         0  llushr.o ABSOLUTE
    ../clib/microlib/printf/printf.c         0x00000000   Number         0  printf0.o ABSOLUTE
    ../clib/microlib/printf/printf.c         0x00000000   Number         0  printf1.o ABSOLUTE
    ../clib/microlib/printf/printf.c         0x00000000   Number         0  printf2.o ABSOLUTE
    ../clib/microlib/printf/printf.c         0x00000000   Number         0  printf6.o ABSOLUTE
    ../clib/microlib/printf/printf.c         0x00000000   Number         0  printfa.o ABSOLUTE
    ../clib/microlib/printf/printf.c         0x00000000   Number         0  printf8.o ABSOLUTE
    ../clib/microlib/printf/printf.c         0x00000000   Number         0  printf7.o ABSOLUTE
    ../clib/microlib/printf/printf.c         0x00000000   Number         0  printf5.o ABSOLUTE
    ../clib/microlib/printf/printf.c         0x00000000   Number         0  printf4.o ABSOLUTE
    ../clib/microlib/printf/printf.c         0x00000000   Number         0  printf3.o ABSOLUTE
    ../clib/microlib/printf/printf.c         0x00000000   Number         0  printfb.o ABSOLUTE
    ../clib/microlib/printf/stubs.s          0x00000000   Number         0  stubs.o ABSOLUTE
    ../clib/microlib/stdio/streams.c         0x00000000   Number         0  stdout.o ABSOLUTE
    ../clib/microlib/string/memcmp.c         0x00000000   Number         0  memcmp.o ABSOLUTE
    ../clib/microlib/string/memcpy.c         0x00000000   Number         0  memcpya.o ABSOLUTE
    ../clib/microlib/string/memcpy.c         0x00000000   Number         0  memcpyb.o ABSOLUTE
    ../clib/microlib/string/memset.c         0x00000000   Number         0  memset.o ABSOLUTE
    ../clib/microlib/string/memset.c         0x00000000   Number         0  memseta.o ABSOLUTE
    ../clib/microlib/stubs.s                 0x00000000   Number         0  iusefp.o ABSOLUTE
    ../fplib/microlib/d2f.c                  0x00000000   Number         0  d2f.o ABSOLUTE
    ../fplib/microlib/f2d.c                  0x00000000   Number         0  f2d.o ABSOLUTE
    ../fplib/microlib/fpadd.c                0x00000000   Number         0  dadd.o ABSOLUTE
    ../fplib/microlib/fpdiv.c                0x00000000   Number         0  ddiv.o ABSOLUTE
    ../fplib/microlib/fpepilogue.c           0x00000000   Number         0  depilogue.o ABSOLUTE
    ../fplib/microlib/fpepilogue.c           0x00000000   Number         0  fepilogue.o ABSOLUTE
    ../fplib/microlib/fpfix.c                0x00000000   Number         0  dfixul.o ABSOLUTE
    ../fplib/microlib/fpflt.c                0x00000000   Number         0  dflti.o ABSOLUTE
    ../fplib/microlib/fpmul.c                0x00000000   Number         0  dmul.o ABSOLUTE
    ../fplib/microlib/fpneg.c                0x00000000   Number         0  dneg.o ABSOLUTE
    ../fplib/microlib/fpsqrt.c               0x00000000   Number         0  dsqrt.o ABSOLUTE
    ../mathlib/asin.c                        0x00000000   Number         0  asin_x.o ABSOLUTE
    ../mathlib/asin.c                        0x00000000   Number         0  asin.o ABSOLUTE
    ../mathlib/atan.c                        0x00000000   Number         0  atan.o ABSOLUTE
    ../mathlib/atan.c                        0x00000000   Number         0  atan_x.o ABSOLUTE
    ../mathlib/atan2.c                       0x00000000   Number         0  atan2_x.o ABSOLUTE
    ../mathlib/atan2.c                       0x00000000   Number         0  atan2.o ABSOLUTE
    ../mathlib/dunder.c                      0x00000000   Number         0  dunder.o ABSOLUTE
    ../mathlib/fabs.c                        0x00000000   Number         0  fabs.o ABSOLUTE
    ../mathlib/fpclassify.c                  0x00000000   Number         0  fpclassify.o ABSOLUTE
    ../mathlib/poly.c                        0x00000000   Number         0  poly.o ABSOLUTE
    ../mathlib/qnan.c                        0x00000000   Number         0  qnan.o ABSOLUTE
    ../mathlib/sqrt.c                        0x00000000   Number         0  sqrt_x.o ABSOLUTE
    ../mathlib/sqrt.c                        0x00000000   Number         0  sqrt.o ABSOLUTE
    ..\FreeRTOS\port\MemMang\heap_4.c        0x00000000   Number         0  heap_4.o ABSOLUTE
    ..\FreeRTOS\port\RVDS\ARM_CM3\port.c     0x00000000   Number         0  port.o ABSOLUTE
    ..\FreeRTOS\src\croutine.c               0x00000000   Number         0  croutine.o ABSOLUTE
    ..\FreeRTOS\src\event_groups.c           0x00000000   Number         0  event_groups.o ABSOLUTE
    ..\FreeRTOS\src\list.c                   0x00000000   Number         0  list.o ABSOLUTE
    ..\FreeRTOS\src\queue.c                  0x00000000   Number         0  queue.o ABSOLUTE
    ..\FreeRTOS\src\stream_buffer.c          0x00000000   Number         0  stream_buffer.o ABSOLUTE
    ..\FreeRTOS\src\tasks.c                  0x00000000   Number         0  tasks.o ABSOLUTE
    ..\FreeRTOS\src\timers.c                 0x00000000   Number         0  timers.o ABSOLUTE
    ..\Libraries\CMSIS\startup\startup_stm32f40xx.s 0x00000000   Number         0  startup_stm32f40xx.o ABSOLUTE
    ..\Libraries\CMSIS\system_stm32f4xx.c    0x00000000   Number         0  system_stm32f4xx.o ABSOLUTE
    ..\Libraries\STM32F10x_StdPeriph_Driver\src\misc.c 0x00000000   Number         0  misc.o ABSOLUTE
    ..\Libraries\STM32F10x_StdPeriph_Driver\src\stm32f4xx_adc.c 0x00000000   Number         0  stm32f4xx_adc.o ABSOLUTE
    ..\Libraries\STM32F10x_StdPeriph_Driver\src\stm32f4xx_can.c 0x00000000   Number         0  stm32f4xx_can.o ABSOLUTE
    ..\Libraries\STM32F10x_StdPeriph_Driver\src\stm32f4xx_cec.c 0x00000000   Number         0  stm32f4xx_cec.o ABSOLUTE
    ..\Libraries\STM32F10x_StdPeriph_Driver\src\stm32f4xx_crc.c 0x00000000   Number         0  stm32f4xx_crc.o ABSOLUTE
    ..\Libraries\STM32F10x_StdPeriph_Driver\src\stm32f4xx_cryp.c 0x00000000   Number         0  stm32f4xx_cryp.o ABSOLUTE
    ..\Libraries\STM32F10x_StdPeriph_Driver\src\stm32f4xx_cryp_aes.c 0x00000000   Number         0  stm32f4xx_cryp_aes.o ABSOLUTE
    ..\Libraries\STM32F10x_StdPeriph_Driver\src\stm32f4xx_cryp_des.c 0x00000000   Number         0  stm32f4xx_cryp_des.o ABSOLUTE
    ..\Libraries\STM32F10x_StdPeriph_Driver\src\stm32f4xx_cryp_tdes.c 0x00000000   Number         0  stm32f4xx_cryp_tdes.o ABSOLUTE
    ..\Libraries\STM32F10x_StdPeriph_Driver\src\stm32f4xx_dac.c 0x00000000   Number         0  stm32f4xx_dac.o ABSOLUTE
    ..\Libraries\STM32F10x_StdPeriph_Driver\src\stm32f4xx_dbgmcu.c 0x00000000   Number         0  stm32f4xx_dbgmcu.o ABSOLUTE
    ..\Libraries\STM32F10x_StdPeriph_Driver\src\stm32f4xx_dcmi.c 0x00000000   Number         0  stm32f4xx_dcmi.o ABSOLUTE
    ..\Libraries\STM32F10x_StdPeriph_Driver\src\stm32f4xx_dfsdm.c 0x00000000   Number         0  stm32f4xx_dfsdm.o ABSOLUTE
    ..\Libraries\STM32F10x_StdPeriph_Driver\src\stm32f4xx_dma.c 0x00000000   Number         0  stm32f4xx_dma.o ABSOLUTE
    ..\Libraries\STM32F10x_StdPeriph_Driver\src\stm32f4xx_dma2d.c 0x00000000   Number         0  stm32f4xx_dma2d.o ABSOLUTE
    ..\Libraries\STM32F10x_StdPeriph_Driver\src\stm32f4xx_dsi.c 0x00000000   Number         0  stm32f4xx_dsi.o ABSOLUTE
    ..\Libraries\STM32F10x_StdPeriph_Driver\src\stm32f4xx_exti.c 0x00000000   Number         0  stm32f4xx_exti.o ABSOLUTE
    ..\Libraries\STM32F10x_StdPeriph_Driver\src\stm32f4xx_flash.c 0x00000000   Number         0  stm32f4xx_flash.o ABSOLUTE
    ..\Libraries\STM32F10x_StdPeriph_Driver\src\stm32f4xx_flash_ramfunc.c 0x00000000   Number         0  stm32f4xx_flash_ramfunc.o ABSOLUTE
    ..\Libraries\STM32F10x_StdPeriph_Driver\src\stm32f4xx_fmpi2c.c 0x00000000   Number         0  stm32f4xx_fmpi2c.o ABSOLUTE
    ..\Libraries\STM32F10x_StdPeriph_Driver\src\stm32f4xx_fsmc.c 0x00000000   Number         0  stm32f4xx_fsmc.o ABSOLUTE
    ..\Libraries\STM32F10x_StdPeriph_Driver\src\stm32f4xx_gpio.c 0x00000000   Number         0  stm32f4xx_gpio.o ABSOLUTE
    ..\Libraries\STM32F10x_StdPeriph_Driver\src\stm32f4xx_hash.c 0x00000000   Number         0  stm32f4xx_hash.o ABSOLUTE
    ..\Libraries\STM32F10x_StdPeriph_Driver\src\stm32f4xx_hash_md5.c 0x00000000   Number         0  stm32f4xx_hash_md5.o ABSOLUTE
    ..\Libraries\STM32F10x_StdPeriph_Driver\src\stm32f4xx_hash_sha1.c 0x00000000   Number         0  stm32f4xx_hash_sha1.o ABSOLUTE
    ..\Libraries\STM32F10x_StdPeriph_Driver\src\stm32f4xx_i2c.c 0x00000000   Number         0  stm32f4xx_i2c.o ABSOLUTE
    ..\Libraries\STM32F10x_StdPeriph_Driver\src\stm32f4xx_iwdg.c 0x00000000   Number         0  stm32f4xx_iwdg.o ABSOLUTE
    ..\Libraries\STM32F10x_StdPeriph_Driver\src\stm32f4xx_lptim.c 0x00000000   Number         0  stm32f4xx_lptim.o ABSOLUTE
    ..\Libraries\STM32F10x_StdPeriph_Driver\src\stm32f4xx_ltdc.c 0x00000000   Number         0  stm32f4xx_ltdc.o ABSOLUTE
    ..\Libraries\STM32F10x_StdPeriph_Driver\src\stm32f4xx_pwr.c 0x00000000   Number         0  stm32f4xx_pwr.o ABSOLUTE
    ..\Libraries\STM32F10x_StdPeriph_Driver\src\stm32f4xx_qspi.c 0x00000000   Number         0  stm32f4xx_qspi.o ABSOLUTE
    ..\Libraries\STM32F10x_StdPeriph_Driver\src\stm32f4xx_rcc.c 0x00000000   Number         0  stm32f4xx_rcc.o ABSOLUTE
    ..\Libraries\STM32F10x_StdPeriph_Driver\src\stm32f4xx_rng.c 0x00000000   Number         0  stm32f4xx_rng.o ABSOLUTE
    ..\Libraries\STM32F10x_StdPeriph_Driver\src\stm32f4xx_rtc.c 0x00000000   Number         0  stm32f4xx_rtc.o ABSOLUTE
    ..\Libraries\STM32F10x_StdPeriph_Driver\src\stm32f4xx_sai.c 0x00000000   Number         0  stm32f4xx_sai.o ABSOLUTE
    ..\Libraries\STM32F10x_StdPeriph_Driver\src\stm32f4xx_sdio.c 0x00000000   Number         0  stm32f4xx_sdio.o ABSOLUTE
    ..\Libraries\STM32F10x_StdPeriph_Driver\src\stm32f4xx_spdifrx.c 0x00000000   Number         0  stm32f4xx_spdifrx.o ABSOLUTE
    ..\Libraries\STM32F10x_StdPeriph_Driver\src\stm32f4xx_spi.c 0x00000000   Number         0  stm32f4xx_spi.o ABSOLUTE
    ..\Libraries\STM32F10x_StdPeriph_Driver\src\stm32f4xx_syscfg.c 0x00000000   Number         0  stm32f4xx_syscfg.o ABSOLUTE
    ..\Libraries\STM32F10x_StdPeriph_Driver\src\stm32f4xx_tim.c 0x00000000   Number         0  stm32f4xx_tim.o ABSOLUTE
    ..\Libraries\STM32F10x_StdPeriph_Driver\src\stm32f4xx_usart.c 0x00000000   Number         0  stm32f4xx_usart.o ABSOLUTE
    ..\Libraries\STM32F10x_StdPeriph_Driver\src\stm32f4xx_wwdg.c 0x00000000   Number         0  stm32f4xx_wwdg.o ABSOLUTE
    ..\Libraries\sys\sys.c                   0x00000000   Number         0  sys.o ABSOLUTE
    ..\User\ADC\adc.c                        0x00000000   Number         0  adc.o ABSOLUTE
    ..\User\DMA\dma.c                        0x00000000   Number         0  dma.o ABSOLUTE
    ..\User\Delay.c                          0x00000000   Number         0  delay.o ABSOLUTE
    ..\User\GY901\Gy901.c                    0x00000000   Number         0  gy901.o ABSOLUTE
    ..\User\I2C\I2C.c                        0x00000000   Number         0  i2c.o ABSOLUTE
    ..\User\MPU6050\eMPL\inv_mpu.c           0x00000000   Number         0  inv_mpu.o ABSOLUTE
    ..\User\MPU6050\eMPL\inv_mpu_dmp_motion_driver.c 0x00000000   Number         0  inv_mpu_dmp_motion_driver.o ABSOLUTE
    ..\User\MPU6050\mpu6050.c                0x00000000   Number         0  mpu6050.o ABSOLUTE
    ..\User\bee\bee.c                        0x00000000   Number         0  bee.o ABSOLUTE
    ..\User\freertos_task\mytask.c           0x00000000   Number         0  mytask.o ABSOLUTE
    ..\User\key\key.c                        0x00000000   Number         0  key.o ABSOLUTE
    ..\User\led\led.c                        0x00000000   Number         0  led.o ABSOLUTE
    ..\User\main.c                           0x00000000   Number         0  main.o ABSOLUTE
    ..\User\software_i2c\software_i2c.c      0x00000000   Number         0  software_i2c.o ABSOLUTE
    ..\User\stm32f4xx_it.c                   0x00000000   Number         0  stm32f4xx_it.o ABSOLUTE
    ..\User\timer\timer.c                    0x00000000   Number         0  timer.o ABSOLUTE
    ..\User\usart\USART.c                    0x00000000   Number         0  usart.o ABSOLUTE
    ..\\FreeRTOS\\port\\RVDS\\ARM_CM3\\port.c 0x00000000   Number         0  port.o ABSOLUTE
    ..\\Libraries\\CMSIS\\system_stm32f4xx.c 0x00000000   Number         0  system_stm32f4xx.o ABSOLUTE
    ..\\Libraries\\STM32F10x_StdPeriph_Driver\\src\\misc.c 0x00000000   Number         0  misc.o ABSOLUTE
    ..\\Libraries\\STM32F10x_StdPeriph_Driver\\src\\stm32f4xx_adc.c 0x00000000   Number         0  stm32f4xx_adc.o ABSOLUTE
    ..\\Libraries\\STM32F10x_StdPeriph_Driver\\src\\stm32f4xx_can.c 0x00000000   Number         0  stm32f4xx_can.o ABSOLUTE
    ..\\Libraries\\STM32F10x_StdPeriph_Driver\\src\\stm32f4xx_cec.c 0x00000000   Number         0  stm32f4xx_cec.o ABSOLUTE
    ..\\Libraries\\STM32F10x_StdPeriph_Driver\\src\\stm32f4xx_crc.c 0x00000000   Number         0  stm32f4xx_crc.o ABSOLUTE
    ..\\Libraries\\STM32F10x_StdPeriph_Driver\\src\\stm32f4xx_cryp.c 0x00000000   Number         0  stm32f4xx_cryp.o ABSOLUTE
    ..\\Libraries\\STM32F10x_StdPeriph_Driver\\src\\stm32f4xx_cryp_aes.c 0x00000000   Number         0  stm32f4xx_cryp_aes.o ABSOLUTE
    ..\\Libraries\\STM32F10x_StdPeriph_Driver\\src\\stm32f4xx_cryp_des.c 0x00000000   Number         0  stm32f4xx_cryp_des.o ABSOLUTE
    ..\\Libraries\\STM32F10x_StdPeriph_Driver\\src\\stm32f4xx_cryp_tdes.c 0x00000000   Number         0  stm32f4xx_cryp_tdes.o ABSOLUTE
    ..\\Libraries\\STM32F10x_StdPeriph_Driver\\src\\stm32f4xx_dac.c 0x00000000   Number         0  stm32f4xx_dac.o ABSOLUTE
    ..\\Libraries\\STM32F10x_StdPeriph_Driver\\src\\stm32f4xx_dbgmcu.c 0x00000000   Number         0  stm32f4xx_dbgmcu.o ABSOLUTE
    ..\\Libraries\\STM32F10x_StdPeriph_Driver\\src\\stm32f4xx_dcmi.c 0x00000000   Number         0  stm32f4xx_dcmi.o ABSOLUTE
    ..\\Libraries\\STM32F10x_StdPeriph_Driver\\src\\stm32f4xx_dfsdm.c 0x00000000   Number         0  stm32f4xx_dfsdm.o ABSOLUTE
    ..\\Libraries\\STM32F10x_StdPeriph_Driver\\src\\stm32f4xx_dma.c 0x00000000   Number         0  stm32f4xx_dma.o ABSOLUTE
    ..\\Libraries\\STM32F10x_StdPeriph_Driver\\src\\stm32f4xx_dma2d.c 0x00000000   Number         0  stm32f4xx_dma2d.o ABSOLUTE
    ..\\Libraries\\STM32F10x_StdPeriph_Driver\\src\\stm32f4xx_dsi.c 0x00000000   Number         0  stm32f4xx_dsi.o ABSOLUTE
    ..\\Libraries\\STM32F10x_StdPeriph_Driver\\src\\stm32f4xx_exti.c 0x00000000   Number         0  stm32f4xx_exti.o ABSOLUTE
    ..\\Libraries\\STM32F10x_StdPeriph_Driver\\src\\stm32f4xx_flash.c 0x00000000   Number         0  stm32f4xx_flash.o ABSOLUTE
    ..\\Libraries\\STM32F10x_StdPeriph_Driver\\src\\stm32f4xx_flash_ramfunc.c 0x00000000   Number         0  stm32f4xx_flash_ramfunc.o ABSOLUTE
    ..\\Libraries\\STM32F10x_StdPeriph_Driver\\src\\stm32f4xx_fmpi2c.c 0x00000000   Number         0  stm32f4xx_fmpi2c.o ABSOLUTE
    ..\\Libraries\\STM32F10x_StdPeriph_Driver\\src\\stm32f4xx_fsmc.c 0x00000000   Number         0  stm32f4xx_fsmc.o ABSOLUTE
    ..\\Libraries\\STM32F10x_StdPeriph_Driver\\src\\stm32f4xx_gpio.c 0x00000000   Number         0  stm32f4xx_gpio.o ABSOLUTE
    ..\\Libraries\\STM32F10x_StdPeriph_Driver\\src\\stm32f4xx_hash.c 0x00000000   Number         0  stm32f4xx_hash.o ABSOLUTE
    ..\\Libraries\\STM32F10x_StdPeriph_Driver\\src\\stm32f4xx_hash_md5.c 0x00000000   Number         0  stm32f4xx_hash_md5.o ABSOLUTE
    ..\\Libraries\\STM32F10x_StdPeriph_Driver\\src\\stm32f4xx_hash_sha1.c 0x00000000   Number         0  stm32f4xx_hash_sha1.o ABSOLUTE
    ..\\Libraries\\STM32F10x_StdPeriph_Driver\\src\\stm32f4xx_i2c.c 0x00000000   Number         0  stm32f4xx_i2c.o ABSOLUTE
    ..\\Libraries\\STM32F10x_StdPeriph_Driver\\src\\stm32f4xx_iwdg.c 0x00000000   Number         0  stm32f4xx_iwdg.o ABSOLUTE
    ..\\Libraries\\STM32F10x_StdPeriph_Driver\\src\\stm32f4xx_lptim.c 0x00000000   Number         0  stm32f4xx_lptim.o ABSOLUTE
    ..\\Libraries\\STM32F10x_StdPeriph_Driver\\src\\stm32f4xx_ltdc.c 0x00000000   Number         0  stm32f4xx_ltdc.o ABSOLUTE
    ..\\Libraries\\STM32F10x_StdPeriph_Driver\\src\\stm32f4xx_pwr.c 0x00000000   Number         0  stm32f4xx_pwr.o ABSOLUTE
    ..\\Libraries\\STM32F10x_StdPeriph_Driver\\src\\stm32f4xx_qspi.c 0x00000000   Number         0  stm32f4xx_qspi.o ABSOLUTE
    ..\\Libraries\\STM32F10x_StdPeriph_Driver\\src\\stm32f4xx_rcc.c 0x00000000   Number         0  stm32f4xx_rcc.o ABSOLUTE
    ..\\Libraries\\STM32F10x_StdPeriph_Driver\\src\\stm32f4xx_rng.c 0x00000000   Number         0  stm32f4xx_rng.o ABSOLUTE
    ..\\Libraries\\STM32F10x_StdPeriph_Driver\\src\\stm32f4xx_rtc.c 0x00000000   Number         0  stm32f4xx_rtc.o ABSOLUTE
    ..\\Libraries\\STM32F10x_StdPeriph_Driver\\src\\stm32f4xx_sai.c 0x00000000   Number         0  stm32f4xx_sai.o ABSOLUTE
    ..\\Libraries\\STM32F10x_StdPeriph_Driver\\src\\stm32f4xx_sdio.c 0x00000000   Number         0  stm32f4xx_sdio.o ABSOLUTE
    ..\\Libraries\\STM32F10x_StdPeriph_Driver\\src\\stm32f4xx_spdifrx.c 0x00000000   Number         0  stm32f4xx_spdifrx.o ABSOLUTE
    ..\\Libraries\\STM32F10x_StdPeriph_Driver\\src\\stm32f4xx_spi.c 0x00000000   Number         0  stm32f4xx_spi.o ABSOLUTE
    ..\\Libraries\\STM32F10x_StdPeriph_Driver\\src\\stm32f4xx_syscfg.c 0x00000000   Number         0  stm32f4xx_syscfg.o ABSOLUTE
    ..\\Libraries\\STM32F10x_StdPeriph_Driver\\src\\stm32f4xx_tim.c 0x00000000   Number         0  stm32f4xx_tim.o ABSOLUTE
    ..\\Libraries\\STM32F10x_StdPeriph_Driver\\src\\stm32f4xx_usart.c 0x00000000   Number         0  stm32f4xx_usart.o ABSOLUTE
    ..\\Libraries\\STM32F10x_StdPeriph_Driver\\src\\stm32f4xx_wwdg.c 0x00000000   Number         0  stm32f4xx_wwdg.o ABSOLUTE
    ..\\Libraries\\sys\\sys.c                0x00000000   Number         0  sys.o ABSOLUTE
    ..\\User\\ADC\\adc.c                     0x00000000   Number         0  adc.o ABSOLUTE
    ..\\User\\DMA\\dma.c                     0x00000000   Number         0  dma.o ABSOLUTE
    ..\\User\\Delay.c                        0x00000000   Number         0  delay.o ABSOLUTE
    ..\\User\\GY901\\Gy901.c                 0x00000000   Number         0  gy901.o ABSOLUTE
    ..\\User\\I2C\\I2C.c                     0x00000000   Number         0  i2c.o ABSOLUTE
    ..\\User\\MPU6050\\eMPL\\inv_mpu.c       0x00000000   Number         0  inv_mpu.o ABSOLUTE
    ..\\User\\MPU6050\\eMPL\\inv_mpu_dmp_motion_driver.c 0x00000000   Number         0  inv_mpu_dmp_motion_driver.o ABSOLUTE
    ..\\User\\MPU6050\\mpu6050.c             0x00000000   Number         0  mpu6050.o ABSOLUTE
    ..\\User\\bee\\bee.c                     0x00000000   Number         0  bee.o ABSOLUTE
    ..\\User\\freertos_task\\mytask.c        0x00000000   Number         0  mytask.o ABSOLUTE
    ..\\User\\key\\key.c                     0x00000000   Number         0  key.o ABSOLUTE
    ..\\User\\led\\led.c                     0x00000000   Number         0  led.o ABSOLUTE
    ..\\User\\main.c                         0x00000000   Number         0  main.o ABSOLUTE
    ..\\User\\software_i2c\\software_i2c.c   0x00000000   Number         0  software_i2c.o ABSOLUTE
    ..\\User\\stm32f4xx_it.c                 0x00000000   Number         0  stm32f4xx_it.o ABSOLUTE
    ..\\User\\timer\\timer.c                 0x00000000   Number         0  timer.o ABSOLUTE
    ..\\User\\usart\\USART.c                 0x00000000   Number         0  usart.o ABSOLUTE
    cdcmple.s                                0x00000000   Number         0  cdcmple.o ABSOLUTE
    cdrcmple.s                               0x00000000   Number         0  cdrcmple.o ABSOLUTE
    dc.s                                     0x00000000   Number         0  dc.o ABSOLUTE
    handlers.s                               0x00000000   Number         0  handlers.o ABSOLUTE
    init.s                                   0x00000000   Number         0  init.o ABSOLUTE
    RESET                                    0x08000000   Section      392  startup_stm32f40xx.o(RESET)
    .ARM.Collect$$$$00000000                 0x08000188   Section        0  entry.o(.ARM.Collect$$$$00000000)
    .ARM.Collect$$$$00000001                 0x08000188   Section        4  entry2.o(.ARM.Collect$$$$00000001)
    .ARM.Collect$$$$00000004                 0x0800018c   Section        4  entry5.o(.ARM.Collect$$$$00000004)
    .ARM.Collect$$$$00000008                 0x08000190   Section        0  entry7b.o(.ARM.Collect$$$$00000008)
    .ARM.Collect$$$$0000000A                 0x08000190   Section        0  entry8b.o(.ARM.Collect$$$$0000000A)
    .ARM.Collect$$$$0000000B                 0x08000190   Section        8  entry9a.o(.ARM.Collect$$$$0000000B)
    .ARM.Collect$$$$0000000E                 0x08000198   Section        4  entry12b.o(.ARM.Collect$$$$0000000E)
    .ARM.Collect$$$$0000000F                 0x0800019c   Section        0  entry10a.o(.ARM.Collect$$$$0000000F)
    .ARM.Collect$$$$00000011                 0x0800019c   Section        0  entry11a.o(.ARM.Collect$$$$00000011)
    .ARM.Collect$$$$00002712                 0x0800019c   Section        4  entry2.o(.ARM.Collect$$$$00002712)
    __lit__00000000                          0x0800019c   Data           4  entry2.o(.ARM.Collect$$$$00002712)
    .emb_text                                0x080001a0   Section      150  port.o(.emb_text)
    $v0                                      0x080001a0   Number         0  port.o(.emb_text)
    .text                                    0x08000238   Section       36  startup_stm32f40xx.o(.text)
    $v0                                      0x08000238   Number         0  startup_stm32f40xx.o(.text)
    .text                                    0x0800025c   Section        0  memseta.o(.text)
    .text                                    0x08000280   Section        0  uldiv.o(.text)
    .text                                    0x080002e2   Section        0  llshl.o(.text)
    .text                                    0x08000300   Section       36  init.o(.text)
    .text                                    0x08000324   Section        0  llushr.o(.text)
    i.BusFault_Handler                       0x08000344   Section        0  stm32f4xx_it.o(i.BusFault_Handler)
    i.CalcCRCSUM                             0x08000348   Section        0  gy901.o(i.CalcCRCSUM)
    i.DMA1_Stream5_IRQHandler                0x08000364   Section        0  stm32f4xx_it.o(i.DMA1_Stream5_IRQHandler)
    i.DMA_GetITStatus                        0x080005a0   Section        0  stm32f4xx_dma.o(i.DMA_GetITStatus)
    i.DebugMon_Handler                       0x08000604   Section        0  stm32f4xx_it.o(i.DebugMon_Handler)
    i.Delay_ms                               0x08000606   Section        0  delay.o(i.Delay_ms)
    i.Delay_us                               0x0800061e   Section        0  delay.o(i.Delay_us)
    i.EXTI4_IRQHandler                       0x0800064c   Section        0  stm32f4xx_it.o(i.EXTI4_IRQHandler)
    i.EXTI_ClearITPendingBit                 0x0800069c   Section        0  stm32f4xx_exti.o(i.EXTI_ClearITPendingBit)
    i.EXTI_GetITStatus                       0x080006a8   Section        0  stm32f4xx_exti.o(i.EXTI_GetITStatus)
    i.GPIO_Init                              0x080006c0   Section        0  stm32f4xx_gpio.o(i.GPIO_Init)
    i.GPIO_PinAFConfig                       0x08000750   Section        0  stm32f4xx_gpio.o(i.GPIO_PinAFConfig)
    i.GPIO_ToggleBits                        0x08000796   Section        0  stm32f4xx_gpio.o(i.GPIO_ToggleBits)
    i.HardFault_Handler                      0x0800079e   Section        0  stm32f4xx_it.o(i.HardFault_Handler)
    i.MemManage_Handler                      0x080007a2   Section        0  stm32f4xx_it.o(i.MemManage_Handler)
    i.NMI_Handler                            0x080007a6   Section        0  stm32f4xx_it.o(i.NMI_Handler)
    i.NVIC_Init                              0x080007a8   Section        0  misc.o(i.NVIC_Init)
    i.NVIC_PriorityGroupConfig               0x08000820   Section        0  misc.o(i.NVIC_PriorityGroupConfig)
    i.Pwm_Config                             0x08000834   Section        0  timer.o(i.Pwm_Config)
    i.RCC_AHB1PeriphClockCmd                 0x080008e8   Section        0  stm32f4xx_rcc.o(i.RCC_AHB1PeriphClockCmd)
    i.RCC_APB1PeriphClockCmd                 0x08000908   Section        0  stm32f4xx_rcc.o(i.RCC_APB1PeriphClockCmd)
    i.RCC_APB2PeriphClockCmd                 0x08000928   Section        0  stm32f4xx_rcc.o(i.RCC_APB2PeriphClockCmd)
    i.RCC_GetClocksFreq                      0x08000948   Section        0  stm32f4xx_rcc.o(i.RCC_GetClocksFreq)
    i.SetSysClock                            0x08000a30   Section        0  system_stm32f4xx.o(i.SetSysClock)
    SetSysClock                              0x08000a31   Thumb Code   220  system_stm32f4xx.o(i.SetSysClock)
    i.SysTick_Handler                        0x08000b1c   Section        0  port.o(i.SysTick_Handler)
    i.SystemInit                             0x08000b50   Section        0  system_stm32f4xx.o(i.SystemInit)
    i.TIM2_IRQHandler                        0x08000bb8   Section        0  stm32f4xx_it.o(i.TIM2_IRQHandler)
    i.TIM_ClearITPendingBit                  0x08000c0c   Section        0  stm32f4xx_tim.o(i.TIM_ClearITPendingBit)
    i.TIM_Cmd                                0x08000c12   Section        0  stm32f4xx_tim.o(i.TIM_Cmd)
    i.TIM_GetITStatus                        0x08000c2a   Section        0  stm32f4xx_tim.o(i.TIM_GetITStatus)
    i.TIM_ITConfig                           0x08000c4c   Section        0  stm32f4xx_tim.o(i.TIM_ITConfig)
    i.TIM_OC3Init                            0x08000c60   Section        0  stm32f4xx_tim.o(i.TIM_OC3Init)
    i.TIM_OC3PreloadConfig                   0x08000d00   Section        0  stm32f4xx_tim.o(i.TIM_OC3PreloadConfig)
    i.TIM_OC4Init                            0x08000d14   Section        0  stm32f4xx_tim.o(i.TIM_OC4Init)
    i.TIM_OC4PreloadConfig                   0x08000d8c   Section        0  stm32f4xx_tim.o(i.TIM_OC4PreloadConfig)
    i.TIM_TimeBaseInit                       0x08000da8   Section        0  stm32f4xx_tim.o(i.TIM_TimeBaseInit)
    i.Timer_Config                           0x08000e2c   Section        0  timer.o(i.Timer_Config)
    i.Timer_Init                             0x08000e64   Section        0  timer.o(i.Timer_Init)
    i.Timer_NVIC_Config                      0x08000e70   Section        0  timer.o(i.Timer_NVIC_Config)
    i.USART1_Config                          0x08000ea4   Section        0  usart.o(i.USART1_Config)
    i.USART1_IRQHandler                      0x08000f2c   Section        0  stm32f4xx_it.o(i.USART1_IRQHandler)
    i.USART2_Config                          0x08001064   Section        0  usart.o(i.USART2_Config)
    i.USART2_IRQHandler                      0x080010ec   Section        0  gy901.o(i.USART2_IRQHandler)
    i.USART_ClearITPendingBit                0x080013b0   Section        0  stm32f4xx_usart.o(i.USART_ClearITPendingBit)
    i.USART_Cmd                              0x080013ce   Section        0  stm32f4xx_usart.o(i.USART_Cmd)
    i.USART_GetFlagStatus                    0x080013e6   Section        0  stm32f4xx_usart.o(i.USART_GetFlagStatus)
    i.USART_GetITStatus                      0x08001400   Section        0  stm32f4xx_usart.o(i.USART_GetITStatus)
    i.USART_ITConfig                         0x08001454   Section        0  stm32f4xx_usart.o(i.USART_ITConfig)
    i.USART_Init                             0x080014a0   Section        0  stm32f4xx_usart.o(i.USART_Init)
    i.USART_NVIC_Config                      0x08001574   Section        0  usart.o(i.USART_NVIC_Config)
    i.USART_ReceiveData                      0x080015b0   Section        0  stm32f4xx_usart.o(i.USART_ReceiveData)
    i.UsageFault_Handler                     0x080015ba   Section        0  stm32f4xx_it.o(i.UsageFault_Handler)
    i.Usart_Init                             0x080015be   Section        0  usart.o(i.Usart_Init)
    i.__0printf$8                            0x080015cc   Section        0  printf8.o(i.__0printf$8)
    i.__scatterload_copy                     0x080015ec   Section       14  handlers.o(i.__scatterload_copy)
    i.__scatterload_null                     0x080015fa   Section        2  handlers.o(i.__scatterload_null)
    i.__scatterload_zeroinit                 0x080015fc   Section       14  handlers.o(i.__scatterload_zeroinit)
    i._printf_core                           0x0800160c   Section        0  printf8.o(i._printf_core)
    _printf_core                             0x0800160d   Thumb Code   984  printf8.o(i._printf_core)
    i._printf_post_padding                   0x08001a10   Section        0  printf8.o(i._printf_post_padding)
    _printf_post_padding                     0x08001a11   Thumb Code    36  printf8.o(i._printf_post_padding)
    i._printf_pre_padding                    0x08001a34   Section        0  printf8.o(i._printf_pre_padding)
    _printf_pre_padding                      0x08001a35   Thumb Code    46  printf8.o(i._printf_pre_padding)
    i.fputc                                  0x08001a64   Section        0  usart.o(i.fputc)
    i.main                                   0x08001a80   Section        0  main.o(i.main)
    i.prvResetNextTaskUnblockTime            0x08001aa4   Section        0  tasks.o(i.prvResetNextTaskUnblockTime)
    prvResetNextTaskUnblockTime              0x08001aa5   Thumb Code    40  tasks.o(i.prvResetNextTaskUnblockTime)
    i.vTaskSwitchContext                     0x08001ad4   Section        0  tasks.o(i.vTaskSwitchContext)
    i.xTaskIncrementTick                     0x08001b60   Section        0  tasks.o(i.xTaskIncrementTick)
    .data                                    0x20000000   Section       16  stm32f4xx_rcc.o(.data)
    APBAHBPrescTable                         0x20000000   Data          16  stm32f4xx_rcc.o(.data)
    .data                                    0x20000010   Section       17  stm32f4xx_it.o(.data)
    .data                                    0x20000024   Section       38  gy901.o(.data)
    .data                                    0x2000004c   Section       64  tasks.o(.data)
    pxDelayedTaskList                        0x20000050   Data           4  tasks.o(.data)
    pxOverflowDelayedTaskList                0x20000054   Data           4  tasks.o(.data)
    uxDeletedTasksWaitingCleanUp             0x20000058   Data           4  tasks.o(.data)
    uxCurrentNumberOfTasks                   0x2000005c   Data           4  tasks.o(.data)
    xTickCount                               0x20000060   Data           4  tasks.o(.data)
    uxTopReadyPriority                       0x20000064   Data           4  tasks.o(.data)
    xSchedulerRunning                        0x20000068   Data           4  tasks.o(.data)
    xPendedTicks                             0x2000006c   Data           4  tasks.o(.data)
    xYieldPending                            0x20000070   Data           4  tasks.o(.data)
    xNumOfOverflows                          0x20000074   Data           4  tasks.o(.data)
    uxTaskNumber                             0x20000078   Data           4  tasks.o(.data)
    xNextTaskUnblockTime                     0x2000007c   Data           4  tasks.o(.data)
    xIdleTaskHandle                          0x20000080   Data           4  tasks.o(.data)
    uxSchedulerSuspended                     0x20000088   Data           4  tasks.o(.data)
    .data                                    0x2000008c   Section        4  stdout.o(.data)
    .bss                                     0x20000090   Section       44  gy901.o(.bss)
    .bss                                     0x200000bc   Section      200  tasks.o(.bss)
    pxReadyTasksLists                        0x200000bc   Data         100  tasks.o(.bss)
    xDelayedTaskList1                        0x20000120   Data          20  tasks.o(.bss)
    xDelayedTaskList2                        0x20000134   Data          20  tasks.o(.bss)
    xPendingReadyList                        0x20000148   Data          20  tasks.o(.bss)
    xTasksWaitingTermination                 0x2000015c   Data          20  tasks.o(.bss)
    xSuspendedTaskList                       0x20000170   Data          20  tasks.o(.bss)
    STACK                                    0x20000188   Section     1024  startup_stm32f40xx.o(STACK)

    Global Symbols

    Symbol Name                              Value     Ov Type        Size  Object(Section)

    BuildAttributes$$THM_ISAv4$E$P$D$K$B$S$7EM$VFPi3$EXTD16$VFPS$VFMA$PE$A:L22UL41UL21$X:L11$S22US41US21$IEEE1$IW$USESV6$~STKCKD$USESV7$~SHL$OTIME$ROPI$IEEEX$EBA8$MICROLIB$REQ8$PRES8$EABIv2 0x00000000   Number         0  anon$$obj.o ABSOLUTE
    __ARM_use_no_argv                        0x00000000   Number         0  main.o ABSOLUTE
    _printf_a                                0x00000000   Number         0  stubs.o ABSOLUTE
    _printf_c                                0x00000000   Number         0  stubs.o ABSOLUTE
    _printf_charcount                        0x00000000   Number         0  stubs.o ABSOLUTE
    _printf_d                                0x00000000   Number         0  stubs.o ABSOLUTE
    _printf_e                                0x00000000   Number         0  stubs.o ABSOLUTE
    _printf_f                                0x00000000   Number         0  stubs.o ABSOLUTE
    _printf_flags                            0x00000000   Number         0  stubs.o ABSOLUTE
    _printf_fp_dec                           0x00000000   Number         0  stubs.o ABSOLUTE
    _printf_fp_hex                           0x00000000   Number         0  stubs.o ABSOLUTE
    _printf_g                                0x00000000   Number         0  stubs.o ABSOLUTE
    _printf_i                                0x00000000   Number         0  stubs.o ABSOLUTE
    _printf_int_dec                          0x00000000   Number         0  stubs.o ABSOLUTE
    _printf_l                                0x00000000   Number         0  stubs.o ABSOLUTE
    _printf_lc                               0x00000000   Number         0  stubs.o ABSOLUTE
    _printf_ll                               0x00000000   Number         0  stubs.o ABSOLUTE
    _printf_lld                              0x00000000   Number         0  stubs.o ABSOLUTE
    _printf_lli                              0x00000000   Number         0  stubs.o ABSOLUTE
    _printf_llo                              0x00000000   Number         0  stubs.o ABSOLUTE
    _printf_llu                              0x00000000   Number         0  stubs.o ABSOLUTE
    _printf_llx                              0x00000000   Number         0  stubs.o ABSOLUTE
    _printf_longlong_dec                     0x00000000   Number         0  stubs.o ABSOLUTE
    _printf_longlong_hex                     0x00000000   Number         0  stubs.o ABSOLUTE
    _printf_longlong_oct                     0x00000000   Number         0  stubs.o ABSOLUTE
    _printf_ls                               0x00000000   Number         0  stubs.o ABSOLUTE
    _printf_mbtowc                           0x00000000   Number         0  stubs.o ABSOLUTE
    _printf_n                                0x00000000   Number         0  stubs.o ABSOLUTE
    _printf_o                                0x00000000   Number         0  stubs.o ABSOLUTE
    _printf_p                                0x00000000   Number         0  stubs.o ABSOLUTE
    _printf_percent                          0x00000000   Number         0  stubs.o ABSOLUTE
    _printf_pre_padding                      0x00000000   Number         0  stubs.o ABSOLUTE
    _printf_return_value                     0x00000000   Number         0  stubs.o ABSOLUTE
    _printf_s                                0x00000000   Number         0  stubs.o ABSOLUTE
    _printf_sizespec                         0x00000000   Number         0  stubs.o ABSOLUTE
    _printf_str                              0x00000000   Number         0  stubs.o ABSOLUTE
    _printf_truncate_signed                  0x00000000   Number         0  stubs.o ABSOLUTE
    _printf_truncate_unsigned                0x00000000   Number         0  stubs.o ABSOLUTE
    _printf_u                                0x00000000   Number         0  stubs.o ABSOLUTE
    _printf_wc                               0x00000000   Number         0  stubs.o ABSOLUTE
    _printf_wctomb                           0x00000000   Number         0  stubs.o ABSOLUTE
    _printf_widthprec                        0x00000000   Number         0  stubs.o ABSOLUTE
    _printf_x                                0x00000000   Number         0  stubs.o ABSOLUTE
    __arm_fini_                               - Undefined Weak Reference
    __cpp_initialize__aeabi_                  - Undefined Weak Reference
    __cxa_finalize                            - Undefined Weak Reference
    __decompress                              - Undefined Weak Reference
    _clock_init                               - Undefined Weak Reference
    _microlib_exit                            - Undefined Weak Reference
    __Vectors_Size                           0x00000188   Number         0  startup_stm32f40xx.o ABSOLUTE
    __Vectors                                0x08000000   Data           4  startup_stm32f40xx.o(RESET)
    __Vectors_End                            0x08000188   Data           0  startup_stm32f40xx.o(RESET)
    __main                                   0x08000189   Thumb Code     0  entry.o(.ARM.Collect$$$$00000000)
    _main_stk                                0x08000189   Thumb Code     0  entry2.o(.ARM.Collect$$$$00000001)
    _main_scatterload                        0x0800018d   Thumb Code     0  entry5.o(.ARM.Collect$$$$00000004)
    __main_after_scatterload                 0x08000191   Thumb Code     0  entry5.o(.ARM.Collect$$$$00000004)
    _main_clock                              0x08000191   Thumb Code     0  entry7b.o(.ARM.Collect$$$$00000008)
    _main_cpp_init                           0x08000191   Thumb Code     0  entry8b.o(.ARM.Collect$$$$0000000A)
    _main_init                               0x08000191   Thumb Code     0  entry9a.o(.ARM.Collect$$$$0000000B)
    __rt_lib_shutdown_fini                   0x08000199   Thumb Code     0  entry12b.o(.ARM.Collect$$$$0000000E)
    __rt_final_cpp                           0x0800019d   Thumb Code     0  entry10a.o(.ARM.Collect$$$$0000000F)
    __rt_final_exit                          0x0800019d   Thumb Code     0  entry11a.o(.ARM.Collect$$$$00000011)
    SVC_Handler                              0x080001a1   Thumb Code    32  port.o(.emb_text)
    __asm___6_port_c_39a90d8d__prvStartFirstTask 0x080001c5   Thumb Code    28  port.o(.emb_text)
    PendSV_Handler                           0x080001e5   Thumb Code    72  port.o(.emb_text)
    vPortGetIPSR                             0x08000231   Thumb Code     6  port.o(.emb_text)
    Reset_Handler                            0x08000239   Thumb Code     8  startup_stm32f40xx.o(.text)
    ADC_IRQHandler                           0x08000253   Thumb Code     0  startup_stm32f40xx.o(.text)
    CAN1_RX0_IRQHandler                      0x08000253   Thumb Code     0  startup_stm32f40xx.o(.text)
    CAN1_RX1_IRQHandler                      0x08000253   Thumb Code     0  startup_stm32f40xx.o(.text)
    CAN1_SCE_IRQHandler                      0x08000253   Thumb Code     0  startup_stm32f40xx.o(.text)
    CAN1_TX_IRQHandler                       0x08000253   Thumb Code     0  startup_stm32f40xx.o(.text)
    CAN2_RX0_IRQHandler                      0x08000253   Thumb Code     0  startup_stm32f40xx.o(.text)
    CAN2_RX1_IRQHandler                      0x08000253   Thumb Code     0  startup_stm32f40xx.o(.text)
    CAN2_SCE_IRQHandler                      0x08000253   Thumb Code     0  startup_stm32f40xx.o(.text)
    CAN2_TX_IRQHandler                       0x08000253   Thumb Code     0  startup_stm32f40xx.o(.text)
    CRYP_IRQHandler                          0x08000253   Thumb Code     0  startup_stm32f40xx.o(.text)
    DCMI_IRQHandler                          0x08000253   Thumb Code     0  startup_stm32f40xx.o(.text)
    DMA1_Stream0_IRQHandler                  0x08000253   Thumb Code     0  startup_stm32f40xx.o(.text)
    DMA1_Stream1_IRQHandler                  0x08000253   Thumb Code     0  startup_stm32f40xx.o(.text)
    DMA1_Stream2_IRQHandler                  0x08000253   Thumb Code     0  startup_stm32f40xx.o(.text)
    DMA1_Stream3_IRQHandler                  0x08000253   Thumb Code     0  startup_stm32f40xx.o(.text)
    DMA1_Stream4_IRQHandler                  0x08000253   Thumb Code     0  startup_stm32f40xx.o(.text)
    DMA1_Stream6_IRQHandler                  0x08000253   Thumb Code     0  startup_stm32f40xx.o(.text)
    DMA1_Stream7_IRQHandler                  0x08000253   Thumb Code     0  startup_stm32f40xx.o(.text)
    DMA2_Stream0_IRQHandler                  0x08000253   Thumb Code     0  startup_stm32f40xx.o(.text)
    DMA2_Stream1_IRQHandler                  0x08000253   Thumb Code     0  startup_stm32f40xx.o(.text)
    DMA2_Stream2_IRQHandler                  0x08000253   Thumb Code     0  startup_stm32f40xx.o(.text)
    DMA2_Stream3_IRQHandler                  0x08000253   Thumb Code     0  startup_stm32f40xx.o(.text)
    DMA2_Stream4_IRQHandler                  0x08000253   Thumb Code     0  startup_stm32f40xx.o(.text)
    DMA2_Stream5_IRQHandler                  0x08000253   Thumb Code     0  startup_stm32f40xx.o(.text)
    DMA2_Stream6_IRQHandler                  0x08000253   Thumb Code     0  startup_stm32f40xx.o(.text)
    DMA2_Stream7_IRQHandler                  0x08000253   Thumb Code     0  startup_stm32f40xx.o(.text)
    ETH_IRQHandler                           0x08000253   Thumb Code     0  startup_stm32f40xx.o(.text)
    ETH_WKUP_IRQHandler                      0x08000253   Thumb Code     0  startup_stm32f40xx.o(.text)
    EXTI0_IRQHandler                         0x08000253   Thumb Code     0  startup_stm32f40xx.o(.text)
    EXTI15_10_IRQHandler                     0x08000253   Thumb Code     0  startup_stm32f40xx.o(.text)
    EXTI1_IRQHandler                         0x08000253   Thumb Code     0  startup_stm32f40xx.o(.text)
    EXTI2_IRQHandler                         0x08000253   Thumb Code     0  startup_stm32f40xx.o(.text)
    EXTI3_IRQHandler                         0x08000253   Thumb Code     0  startup_stm32f40xx.o(.text)
    EXTI9_5_IRQHandler                       0x08000253   Thumb Code     0  startup_stm32f40xx.o(.text)
    FLASH_IRQHandler                         0x08000253   Thumb Code     0  startup_stm32f40xx.o(.text)
    FPU_IRQHandler                           0x08000253   Thumb Code     0  startup_stm32f40xx.o(.text)
    FSMC_IRQHandler                          0x08000253   Thumb Code     0  startup_stm32f40xx.o(.text)
    HASH_RNG_IRQHandler                      0x08000253   Thumb Code     0  startup_stm32f40xx.o(.text)
    I2C1_ER_IRQHandler                       0x08000253   Thumb Code     0  startup_stm32f40xx.o(.text)
    I2C1_EV_IRQHandler                       0x08000253   Thumb Code     0  startup_stm32f40xx.o(.text)
    I2C2_ER_IRQHandler                       0x08000253   Thumb Code     0  startup_stm32f40xx.o(.text)
    I2C2_EV_IRQHandler                       0x08000253   Thumb Code     0  startup_stm32f40xx.o(.text)
    I2C3_ER_IRQHandler                       0x08000253   Thumb Code     0  startup_stm32f40xx.o(.text)
    I2C3_EV_IRQHandler                       0x08000253   Thumb Code     0  startup_stm32f40xx.o(.text)
    OTG_FS_IRQHandler                        0x08000253   Thumb Code     0  startup_stm32f40xx.o(.text)
    OTG_FS_WKUP_IRQHandler                   0x08000253   Thumb Code     0  startup_stm32f40xx.o(.text)
    OTG_HS_EP1_IN_IRQHandler                 0x08000253   Thumb Code     0  startup_stm32f40xx.o(.text)
    OTG_HS_EP1_OUT_IRQHandler                0x08000253   Thumb Code     0  startup_stm32f40xx.o(.text)
    OTG_HS_IRQHandler                        0x08000253   Thumb Code     0  startup_stm32f40xx.o(.text)
    OTG_HS_WKUP_IRQHandler                   0x08000253   Thumb Code     0  startup_stm32f40xx.o(.text)
    PVD_IRQHandler                           0x08000253   Thumb Code     0  startup_stm32f40xx.o(.text)
    RCC_IRQHandler                           0x08000253   Thumb Code     0  startup_stm32f40xx.o(.text)
    RTC_Alarm_IRQHandler                     0x08000253   Thumb Code     0  startup_stm32f40xx.o(.text)
    RTC_WKUP_IRQHandler                      0x08000253   Thumb Code     0  startup_stm32f40xx.o(.text)
    SDIO_IRQHandler                          0x08000253   Thumb Code     0  startup_stm32f40xx.o(.text)
    SPI1_IRQHandler                          0x08000253   Thumb Code     0  startup_stm32f40xx.o(.text)
    SPI2_IRQHandler                          0x08000253   Thumb Code     0  startup_stm32f40xx.o(.text)
    SPI3_IRQHandler                          0x08000253   Thumb Code     0  startup_stm32f40xx.o(.text)
    TAMP_STAMP_IRQHandler                    0x08000253   Thumb Code     0  startup_stm32f40xx.o(.text)
    TIM1_BRK_TIM9_IRQHandler                 0x08000253   Thumb Code     0  startup_stm32f40xx.o(.text)
    TIM1_CC_IRQHandler                       0x08000253   Thumb Code     0  startup_stm32f40xx.o(.text)
    TIM1_TRG_COM_TIM11_IRQHandler            0x08000253   Thumb Code     0  startup_stm32f40xx.o(.text)
    TIM1_UP_TIM10_IRQHandler                 0x08000253   Thumb Code     0  startup_stm32f40xx.o(.text)
    TIM3_IRQHandler                          0x08000253   Thumb Code     0  startup_stm32f40xx.o(.text)
    TIM4_IRQHandler                          0x08000253   Thumb Code     0  startup_stm32f40xx.o(.text)
    TIM5_IRQHandler                          0x08000253   Thumb Code     0  startup_stm32f40xx.o(.text)
    TIM6_DAC_IRQHandler                      0x08000253   Thumb Code     0  startup_stm32f40xx.o(.text)
    TIM7_IRQHandler                          0x08000253   Thumb Code     0  startup_stm32f40xx.o(.text)
    TIM8_BRK_TIM12_IRQHandler                0x08000253   Thumb Code     0  startup_stm32f40xx.o(.text)
    TIM8_CC_IRQHandler                       0x08000253   Thumb Code     0  startup_stm32f40xx.o(.text)
    TIM8_TRG_COM_TIM14_IRQHandler            0x08000253   Thumb Code     0  startup_stm32f40xx.o(.text)
    TIM8_UP_TIM13_IRQHandler                 0x08000253   Thumb Code     0  startup_stm32f40xx.o(.text)
    UART4_IRQHandler                         0x08000253   Thumb Code     0  startup_stm32f40xx.o(.text)
    UART5_IRQHandler                         0x08000253   Thumb Code     0  startup_stm32f40xx.o(.text)
    USART3_IRQHandler                        0x08000253   Thumb Code     0  startup_stm32f40xx.o(.text)
    USART6_IRQHandler                        0x08000253   Thumb Code     0  startup_stm32f40xx.o(.text)
    WWDG_IRQHandler                          0x08000253   Thumb Code     0  startup_stm32f40xx.o(.text)
    __aeabi_memset                           0x0800025d   Thumb Code    14  memseta.o(.text)
    __aeabi_memset4                          0x0800025d   Thumb Code     0  memseta.o(.text)
    __aeabi_memset8                          0x0800025d   Thumb Code     0  memseta.o(.text)
    __aeabi_memclr                           0x0800026b   Thumb Code     4  memseta.o(.text)
    __aeabi_memclr4                          0x0800026b   Thumb Code     0  memseta.o(.text)
    __aeabi_memclr8                          0x0800026b   Thumb Code     0  memseta.o(.text)
    memset                                   0x0800026f   Thumb Code    18  memseta.o(.text)
    __aeabi_uldivmod                         0x08000281   Thumb Code    98  uldiv.o(.text)
    __aeabi_llsl                             0x080002e3   Thumb Code    30  llshl.o(.text)
    _ll_shift_l                              0x080002e3   Thumb Code     0  llshl.o(.text)
    __scatterload                            0x08000301   Thumb Code    28  init.o(.text)
    __scatterload_rt2                        0x08000301   Thumb Code     0  init.o(.text)
    __aeabi_llsr                             0x08000325   Thumb Code    32  llushr.o(.text)
    _ll_ushift_r                             0x08000325   Thumb Code     0  llushr.o(.text)
    BusFault_Handler                         0x08000345   Thumb Code     4  stm32f4xx_it.o(i.BusFault_Handler)
    CalcCRCSUM                               0x08000349   Thumb Code    28  gy901.o(i.CalcCRCSUM)
    DMA1_Stream5_IRQHandler                  0x08000365   Thumb Code   508  stm32f4xx_it.o(i.DMA1_Stream5_IRQHandler)
    DMA_GetITStatus                          0x080005a1   Thumb Code    82  stm32f4xx_dma.o(i.DMA_GetITStatus)
    DebugMon_Handler                         0x08000605   Thumb Code     2  stm32f4xx_it.o(i.DebugMon_Handler)
    Delay_ms                                 0x08000607   Thumb Code    24  delay.o(i.Delay_ms)
    Delay_us                                 0x0800061f   Thumb Code    44  delay.o(i.Delay_us)
    EXTI4_IRQHandler                         0x0800064d   Thumb Code    68  stm32f4xx_it.o(i.EXTI4_IRQHandler)
    EXTI_ClearITPendingBit                   0x0800069d   Thumb Code     6  stm32f4xx_exti.o(i.EXTI_ClearITPendingBit)
    EXTI_GetITStatus                         0x080006a9   Thumb Code    20  stm32f4xx_exti.o(i.EXTI_GetITStatus)
    GPIO_Init                                0x080006c1   Thumb Code   144  stm32f4xx_gpio.o(i.GPIO_Init)
    GPIO_PinAFConfig                         0x08000751   Thumb Code    70  stm32f4xx_gpio.o(i.GPIO_PinAFConfig)
    GPIO_ToggleBits                          0x08000797   Thumb Code     8  stm32f4xx_gpio.o(i.GPIO_ToggleBits)
    HardFault_Handler                        0x0800079f   Thumb Code     4  stm32f4xx_it.o(i.HardFault_Handler)
    MemManage_Handler                        0x080007a3   Thumb Code     4  stm32f4xx_it.o(i.MemManage_Handler)
    NMI_Handler                              0x080007a7   Thumb Code     2  stm32f4xx_it.o(i.NMI_Handler)
    NVIC_Init                                0x080007a9   Thumb Code   106  misc.o(i.NVIC_Init)
    NVIC_PriorityGroupConfig                 0x08000821   Thumb Code    10  misc.o(i.NVIC_PriorityGroupConfig)
    Pwm_Config                               0x08000835   Thumb Code   170  timer.o(i.Pwm_Config)
    RCC_AHB1PeriphClockCmd                   0x080008e9   Thumb Code    26  stm32f4xx_rcc.o(i.RCC_AHB1PeriphClockCmd)
    RCC_APB1PeriphClockCmd                   0x08000909   Thumb Code    26  stm32f4xx_rcc.o(i.RCC_APB1PeriphClockCmd)
    RCC_APB2PeriphClockCmd                   0x08000929   Thumb Code    26  stm32f4xx_rcc.o(i.RCC_APB2PeriphClockCmd)
    RCC_GetClocksFreq                        0x08000949   Thumb Code   214  stm32f4xx_rcc.o(i.RCC_GetClocksFreq)
    SysTick_Handler                          0x08000b1d   Thumb Code    46  port.o(i.SysTick_Handler)
    SystemInit                               0x08000b51   Thumb Code    88  system_stm32f4xx.o(i.SystemInit)
    TIM2_IRQHandler                          0x08000bb9   Thumb Code    42  stm32f4xx_it.o(i.TIM2_IRQHandler)
    TIM_ClearITPendingBit                    0x08000c0d   Thumb Code     6  stm32f4xx_tim.o(i.TIM_ClearITPendingBit)
    TIM_Cmd                                  0x08000c13   Thumb Code    24  stm32f4xx_tim.o(i.TIM_Cmd)
    TIM_GetITStatus                          0x08000c2b   Thumb Code    34  stm32f4xx_tim.o(i.TIM_GetITStatus)
    TIM_ITConfig                             0x08000c4d   Thumb Code    18  stm32f4xx_tim.o(i.TIM_ITConfig)
    TIM_OC3Init                              0x08000c61   Thumb Code   150  stm32f4xx_tim.o(i.TIM_OC3Init)
    TIM_OC3PreloadConfig                     0x08000d01   Thumb Code    18  stm32f4xx_tim.o(i.TIM_OC3PreloadConfig)
    TIM_OC4Init                              0x08000d15   Thumb Code   112  stm32f4xx_tim.o(i.TIM_OC4Init)
    TIM_OC4PreloadConfig                     0x08000d8d   Thumb Code    26  stm32f4xx_tim.o(i.TIM_OC4PreloadConfig)
    TIM_TimeBaseInit                         0x08000da9   Thumb Code   104  stm32f4xx_tim.o(i.TIM_TimeBaseInit)
    Timer_Config                             0x08000e2d   Thumb Code    56  timer.o(i.Timer_Config)
    Timer_Init                               0x08000e65   Thumb Code    12  timer.o(i.Timer_Init)
    Timer_NVIC_Config                        0x08000e71   Thumb Code    50  timer.o(i.Timer_NVIC_Config)
    USART1_Config                            0x08000ea5   Thumb Code   128  usart.o(i.USART1_Config)
    USART1_IRQHandler                        0x08000f2d   Thumb Code   288  stm32f4xx_it.o(i.USART1_IRQHandler)
    USART2_Config                            0x08001065   Thumb Code   128  usart.o(i.USART2_Config)
    USART2_IRQHandler                        0x080010ed   Thumb Code   644  gy901.o(i.USART2_IRQHandler)
    USART_ClearITPendingBit                  0x080013b1   Thumb Code    30  stm32f4xx_usart.o(i.USART_ClearITPendingBit)
    USART_Cmd                                0x080013cf   Thumb Code    24  stm32f4xx_usart.o(i.USART_Cmd)
    USART_GetFlagStatus                      0x080013e7   Thumb Code    26  stm32f4xx_usart.o(i.USART_GetFlagStatus)
    USART_GetITStatus                        0x08001401   Thumb Code    84  stm32f4xx_usart.o(i.USART_GetITStatus)
    USART_ITConfig                           0x08001455   Thumb Code    74  stm32f4xx_usart.o(i.USART_ITConfig)
    USART_Init                               0x080014a1   Thumb Code   204  stm32f4xx_usart.o(i.USART_Init)
    USART_NVIC_Config                        0x08001575   Thumb Code    54  usart.o(i.USART_NVIC_Config)
    USART_ReceiveData                        0x080015b1   Thumb Code    10  stm32f4xx_usart.o(i.USART_ReceiveData)
    UsageFault_Handler                       0x080015bb   Thumb Code     4  stm32f4xx_it.o(i.UsageFault_Handler)
    Usart_Init                               0x080015bf   Thumb Code    12  usart.o(i.Usart_Init)
    __0printf$8                              0x080015cd   Thumb Code    22  printf8.o(i.__0printf$8)
    __1printf$8                              0x080015cd   Thumb Code     0  printf8.o(i.__0printf$8)
    __2printf                                0x080015cd   Thumb Code     0  printf8.o(i.__0printf$8)
    __scatterload_copy                       0x080015ed   Thumb Code    14  handlers.o(i.__scatterload_copy)
    __scatterload_null                       0x080015fb   Thumb Code     2  handlers.o(i.__scatterload_null)
    __scatterload_zeroinit                   0x080015fd   Thumb Code    14  handlers.o(i.__scatterload_zeroinit)
    fputc                                    0x08001a65   Thumb Code    24  usart.o(i.fputc)
    main                                     0x08001a81   Thumb Code    30  main.o(i.main)
    vTaskSwitchContext                       0x08001ad5   Thumb Code   118  tasks.o(i.vTaskSwitchContext)
    xTaskIncrementTick                       0x08001b61   Thumb Code   398  tasks.o(i.xTaskIncrementTick)
    Region$$Table$$Base                      0x08001d1c   Number         0  anon$$obj.o(Region$$Table)
    Region$$Table$$Limit                     0x08001d3c   Number         0  anon$$obj.o(Region$$Table)
    RecData                                  0x20000010   Data           5  stm32f4xx_it.o(.data)
    cnt                                      0x20000015   Data           1  stm32f4xx_it.o(.data)
    state                                    0x20000016   Data           1  stm32f4xx_it.o(.data)
    Pos_x                                    0x20000018   Data           2  stm32f4xx_it.o(.data)
    Pos_y                                    0x2000001a   Data           2  stm32f4xx_it.o(.data)
    i                                        0x2000001c   Data           4  stm32f4xx_it.o(.data)
    Gy901UsartRxFlag                         0x20000020   Data           1  stm32f4xx_it.o(.data)
    Acc_x                                    0x20000024   Data           4  gy901.o(.data)
    Acc_y                                    0x20000028   Data           4  gy901.o(.data)
    Acc_z                                    0x2000002c   Data           4  gy901.o(.data)
    Gyro_x                                   0x20000030   Data           4  gy901.o(.data)
    Gyro_y                                   0x20000034   Data           4  gy901.o(.data)
    Gyro_z                                   0x20000038   Data           4  gy901.o(.data)
    Roll                                     0x2000003c   Data           4  gy901.o(.data)
    Pitch                                    0x20000040   Data           4  gy901.o(.data)
    Yaw                                      0x20000044   Data           4  gy901.o(.data)
    num                                      0x20000048   Data           1  gy901.o(.data)
    Gy901UsartTxCnt                          0x20000049   Data           1  gy901.o(.data)
    pxCurrentTCB                             0x2000004c   Data           4  tasks.o(.data)
    uxTopUsedPriority                        0x20000084   Data           4  tasks.o(.data)
    __stdout                                 0x2000008c   Data           4  stdout.o(.data)
    Gy901UsartTxBuf                          0x20000090   Data          22  gy901.o(.bss)
    Gy901DmaUsartRxBuffer0                   0x200000a6   Data          11  gy901.o(.bss)
    Gy901DmaUsartRxBuffer1                   0x200000b1   Data          11  gy901.o(.bss)
    __initial_sp                             0x20000588   Data           0  startup_stm32f40xx.o(STACK)



==============================================================================

Memory Map of the image

  Image Entry point : 0x08000189

  Load Region LR_IROM1 (Base: 0x08000000, Size: 0x00001dcc, Max: 0x00100000, ABSOLUTE)

    Execution Region ER_IROM1 (Exec base: 0x08000000, Load base: 0x08000000, Size: 0x00001d3c, Max: 0x00100000, ABSOLUTE)

    Exec Addr    Load Addr    Size         Type   Attr      Idx    E Section Name        Object

    0x08000000   0x08000000   0x00000188   Data   RO            3    RESET               startup_stm32f40xx.o
    0x08000188   0x08000188   0x00000000   Code   RO         7559  * .ARM.Collect$$$$00000000  mc_w.l(entry.o)
    0x08000188   0x08000188   0x00000004   Code   RO         7898    .ARM.Collect$$$$00000001  mc_w.l(entry2.o)
    0x0800018c   0x0800018c   0x00000004   Code   RO         7901    .ARM.Collect$$$$00000004  mc_w.l(entry5.o)
    0x08000190   0x08000190   0x00000000   Code   RO         7903    .ARM.Collect$$$$00000008  mc_w.l(entry7b.o)
    0x08000190   0x08000190   0x00000000   Code   RO         7905    .ARM.Collect$$$$0000000A  mc_w.l(entry8b.o)
    0x08000190   0x08000190   0x00000008   Code   RO         7906    .ARM.Collect$$$$0000000B  mc_w.l(entry9a.o)
    0x08000198   0x08000198   0x00000004   Code   RO         7913    .ARM.Collect$$$$0000000E  mc_w.l(entry12b.o)
    0x0800019c   0x0800019c   0x00000000   Code   RO         7908    .ARM.Collect$$$$0000000F  mc_w.l(entry10a.o)
    0x0800019c   0x0800019c   0x00000000   Code   RO         7910    .ARM.Collect$$$$00000011  mc_w.l(entry11a.o)
    0x0800019c   0x0800019c   0x00000004   Code   RO         7899    .ARM.Collect$$$$00002712  mc_w.l(entry2.o)
    0x080001a0   0x080001a0   0x00000096   Code   RO         7395    .emb_text           port.o
    0x08000236   0x08000236   0x00000002   PAD
    0x08000238   0x08000238   0x00000024   Code   RO            4    .text               startup_stm32f40xx.o
    0x0800025c   0x0800025c   0x00000024   Code   RO         7568    .text               mc_w.l(memseta.o)
    0x08000280   0x08000280   0x00000062   Code   RO         7917    .text               mc_w.l(uldiv.o)
    0x080002e2   0x080002e2   0x0000001e   Code   RO         7919    .text               mc_w.l(llshl.o)
    0x08000300   0x08000300   0x00000024   Code   RO         7943    .text               mc_w.l(init.o)
    0x08000324   0x08000324   0x00000020   Code   RO         7945    .text               mc_w.l(llushr.o)
    0x08000344   0x08000344   0x00000004   Code   RO         5135    i.BusFault_Handler  stm32f4xx_it.o
    0x08000348   0x08000348   0x0000001c   Code   RO         6261    i.CalcCRCSUM        gy901.o
    0x08000364   0x08000364   0x0000023c   Code   RO         5136    i.DMA1_Stream5_IRQHandler  stm32f4xx_it.o
    0x080005a0   0x080005a0   0x00000064   Code   RO         1187    i.DMA_GetITStatus   stm32f4xx_dma.o
    0x08000604   0x08000604   0x00000002   Code   RO         5137    i.DebugMon_Handler  stm32f4xx_it.o
    0x08000606   0x08000606   0x00000018   Code   RO         5427    i.Delay_ms          delay.o
    0x0800061e   0x0800061e   0x0000002c   Code   RO         5429    i.Delay_us          delay.o
    0x0800064a   0x0800064a   0x00000002   PAD
    0x0800064c   0x0800064c   0x00000050   Code   RO         5138    i.EXTI4_IRQHandler  stm32f4xx_it.o
    0x0800069c   0x0800069c   0x0000000c   Code   RO         1452    i.EXTI_ClearITPendingBit  stm32f4xx_exti.o
    0x080006a8   0x080006a8   0x00000018   Code   RO         1456    i.EXTI_GetITStatus  stm32f4xx_exti.o
    0x080006c0   0x080006c0   0x00000090   Code   RO         1945    i.GPIO_Init         stm32f4xx_gpio.o
    0x08000750   0x08000750   0x00000046   Code   RO         1946    i.GPIO_PinAFConfig  stm32f4xx_gpio.o
    0x08000796   0x08000796   0x00000008   Code   RO         1955    i.GPIO_ToggleBits   stm32f4xx_gpio.o
    0x0800079e   0x0800079e   0x00000004   Code   RO         5139    i.HardFault_Handler  stm32f4xx_it.o
    0x080007a2   0x080007a2   0x00000004   Code   RO         5140    i.MemManage_Handler  stm32f4xx_it.o
    0x080007a6   0x080007a6   0x00000002   Code   RO         5141    i.NMI_Handler       stm32f4xx_it.o
    0x080007a8   0x080007a8   0x00000078   Code   RO          150    i.NVIC_Init         misc.o
    0x08000820   0x08000820   0x00000014   Code   RO          151    i.NVIC_PriorityGroupConfig  misc.o
    0x08000834   0x08000834   0x000000b4   Code   RO         5377    i.Pwm_Config        timer.o
    0x080008e8   0x080008e8   0x00000020   Code   RO         2843    i.RCC_AHB1PeriphClockCmd  stm32f4xx_rcc.o
    0x08000908   0x08000908   0x00000020   Code   RO         2852    i.RCC_APB1PeriphClockCmd  stm32f4xx_rcc.o
    0x08000928   0x08000928   0x00000020   Code   RO         2855    i.RCC_APB2PeriphClockCmd  stm32f4xx_rcc.o
    0x08000948   0x08000948   0x000000e8   Code   RO         2864    i.RCC_GetClocksFreq  stm32f4xx_rcc.o
    0x08000a30   0x08000a30   0x000000ec   Code   RO           12    i.SetSysClock       system_stm32f4xx.o
    0x08000b1c   0x08000b1c   0x00000034   Code   RO         7396    i.SysTick_Handler   port.o
    0x08000b50   0x08000b50   0x00000068   Code   RO           14    i.SystemInit        system_stm32f4xx.o
    0x08000bb8   0x08000bb8   0x00000054   Code   RO         5142    i.TIM2_IRQHandler   stm32f4xx_it.o
    0x08000c0c   0x08000c0c   0x00000006   Code   RO         4202    i.TIM_ClearITPendingBit  stm32f4xx_tim.o
    0x08000c12   0x08000c12   0x00000018   Code   RO         4207    i.TIM_Cmd           stm32f4xx_tim.o
    0x08000c2a   0x08000c2a   0x00000022   Code   RO         4228    i.TIM_GetITStatus   stm32f4xx_tim.o
    0x08000c4c   0x08000c4c   0x00000012   Code   RO         4232    i.TIM_ITConfig      stm32f4xx_tim.o
    0x08000c5e   0x08000c5e   0x00000002   PAD
    0x08000c60   0x08000c60   0x000000a0   Code   RO         4246    i.TIM_OC3Init       stm32f4xx_tim.o
    0x08000d00   0x08000d00   0x00000012   Code   RO         4249    i.TIM_OC3PreloadConfig  stm32f4xx_tim.o
    0x08000d12   0x08000d12   0x00000002   PAD
    0x08000d14   0x08000d14   0x00000078   Code   RO         4251    i.TIM_OC4Init       stm32f4xx_tim.o
    0x08000d8c   0x08000d8c   0x0000001a   Code   RO         4253    i.TIM_OC4PreloadConfig  stm32f4xx_tim.o
    0x08000da6   0x08000da6   0x00000002   PAD
    0x08000da8   0x08000da8   0x00000084   Code   RO         4279    i.TIM_TimeBaseInit  stm32f4xx_tim.o
    0x08000e2c   0x08000e2c   0x00000038   Code   RO         5378    i.Timer_Config      timer.o
    0x08000e64   0x08000e64   0x0000000c   Code   RO         5381    i.Timer_Init        timer.o
    0x08000e70   0x08000e70   0x00000032   Code   RO         5382    i.Timer_NVIC_Config  timer.o
    0x08000ea2   0x08000ea2   0x00000002   PAD
    0x08000ea4   0x08000ea4   0x00000088   Code   RO         5223    i.USART1_Config     usart.o
    0x08000f2c   0x08000f2c   0x00000138   Code   RO         5143    i.USART1_IRQHandler  stm32f4xx_it.o
    0x08001064   0x08001064   0x00000088   Code   RO         5224    i.USART2_Config     usart.o
    0x080010ec   0x080010ec   0x000002c4   Code   RO         6269    i.USART2_IRQHandler  gy901.o
    0x080013b0   0x080013b0   0x0000001e   Code   RO         4754    i.USART_ClearITPendingBit  stm32f4xx_usart.o
    0x080013ce   0x080013ce   0x00000018   Code   RO         4757    i.USART_Cmd         stm32f4xx_usart.o
    0x080013e6   0x080013e6   0x0000001a   Code   RO         4760    i.USART_GetFlagStatus  stm32f4xx_usart.o
    0x08001400   0x08001400   0x00000054   Code   RO         4761    i.USART_GetITStatus  stm32f4xx_usart.o
    0x08001454   0x08001454   0x0000004a   Code   RO         4763    i.USART_ITConfig    stm32f4xx_usart.o
    0x0800149e   0x0800149e   0x00000002   PAD
    0x080014a0   0x080014a0   0x000000d4   Code   RO         4764    i.USART_Init        stm32f4xx_usart.o
    0x08001574   0x08001574   0x0000003c   Code   RO         5225    i.USART_NVIC_Config  usart.o
    0x080015b0   0x080015b0   0x0000000a   Code   RO         4771    i.USART_ReceiveData  stm32f4xx_usart.o
    0x080015ba   0x080015ba   0x00000004   Code   RO         5144    i.UsageFault_Handler  stm32f4xx_it.o
    0x080015be   0x080015be   0x0000000c   Code   RO         5226    i.Usart_Init        usart.o
    0x080015ca   0x080015ca   0x00000002   PAD
    0x080015cc   0x080015cc   0x00000020   Code   RO         7781    i.__0printf$8       mc_w.l(printf8.o)
    0x080015ec   0x080015ec   0x0000000e   Code   RO         7951    i.__scatterload_copy  mc_w.l(handlers.o)
    0x080015fa   0x080015fa   0x00000002   Code   RO         7952    i.__scatterload_null  mc_w.l(handlers.o)
    0x080015fc   0x080015fc   0x0000000e   Code   RO         7953    i.__scatterload_zeroinit  mc_w.l(handlers.o)
    0x0800160a   0x0800160a   0x00000002   PAD
    0x0800160c   0x0800160c   0x00000404   Code   RO         7788    i._printf_core      mc_w.l(printf8.o)
    0x08001a10   0x08001a10   0x00000024   Code   RO         7789    i._printf_post_padding  mc_w.l(printf8.o)
    0x08001a34   0x08001a34   0x0000002e   Code   RO         7790    i._printf_pre_padding  mc_w.l(printf8.o)
    0x08001a62   0x08001a62   0x00000002   PAD
    0x08001a64   0x08001a64   0x0000001c   Code   RO         5227    i.fputc             usart.o
    0x08001a80   0x08001a80   0x00000024   Code   RO         5025    i.main              main.o
    0x08001aa4   0x08001aa4   0x00000030   Code   RO         6868    i.prvResetNextTaskUnblockTime  tasks.o
    0x08001ad4   0x08001ad4   0x0000008c   Code   RO         6899    i.vTaskSwitchContext  tasks.o
    0x08001b60   0x08001b60   0x000001bc   Code   RO         6912    i.xTaskIncrementTick  tasks.o
    0x08001d1c   0x08001d1c   0x00000020   Data   RO         7949    Region$$Table       anon$$obj.o


    Execution Region RW_IRAM1 (Exec base: 0x20000000, Load base: 0x08001d3c, Size: 0x00000588, Max: 0x00020000, ABSOLUTE)

    Exec Addr    Load Addr    Size         Type   Attr      Idx    E Section Name        Object

    0x20000000   0x08001d3c   0x00000010   Data   RW         2896    .data               stm32f4xx_rcc.o
    0x20000010   0x08001d4c   0x00000011   Data   RW         5145    .data               stm32f4xx_it.o
    0x20000021   0x08001d5d   0x00000003   PAD
    0x20000024   0x08001d60   0x00000026   Data   RW         6271    .data               gy901.o
    0x2000004a   0x08001d86   0x00000002   PAD
    0x2000004c   0x08001d88   0x00000040   Data   RW         6919    .data               tasks.o
    0x2000008c   0x08001dc8   0x00000004   Data   RW         7914    .data               mc_w.l(stdout.o)
    0x20000090        -       0x0000002c   Zero   RW         6270    .bss                gy901.o
    0x200000bc        -       0x000000c8   Zero   RW         6918    .bss                tasks.o
    0x20000184   0x08001dcc   0x00000004   PAD
    0x20000188        -       0x00000400   Zero   RW            1    STACK               startup_stm32f40xx.o


==============================================================================

Image component sizes


      Code (inc. data)   RO Data    RW Data    ZI Data      Debug   Object Name

        68          0          0          0          0       1018   delay.o
         0          0          0          0          0       5980   event_groups.o
       736         64          0         38         44       2915   gy901.o
        36          6          0          0          0       2643   main.o
       140         24          0          0          0       1735   misc.o
       202         18          0          0          0       3838   port.o
        36          8        392          0       1024        896   startup_stm32f40xx.o
       100         18          0          0          0       2086   stm32f4xx_dma.o
        36         10          0          0          0       1248   stm32f4xx_exti.o
       222          0          0          0          0       2589   stm32f4xx_gpio.o
      1068        142          0         17          0       8069   stm32f4xx_it.o
       328         36          0         16          0       4951   stm32f4xx_rcc.o
       538         46          0          0          0       6928   stm32f4xx_tim.o
       460          8          0          0          0       6050   stm32f4xx_usart.o
       340         32          0          0          0     296133   system_stm32f4xx.o
       632         76          0         64        200      12419   tasks.o
       298         10          0          0          0       2241   timer.o
       372         26          0          0          0       2833   usart.o

    ----------------------------------------------------------------------
      5628        524        424        140       1272     364572   Object Totals
         0          0         32          0          0          0   (incl. Generated)
        16          0          0          5          4          0   (incl. Padding)

    ----------------------------------------------------------------------

      Code (inc. data)   RO Data    RW Data    ZI Data      Debug   Library Member Name

         0          0          0          0          0          0   entry.o
         0          0          0          0          0          0   entry10a.o
         0          0          0          0          0          0   entry11a.o
         4          0          0          0          0          0   entry12b.o
         8          4          0          0          0          0   entry2.o
         4          0          0          0          0          0   entry5.o
         0          0          0          0          0          0   entry7b.o
         0          0          0          0          0          0   entry8b.o
         8          4          0          0          0          0   entry9a.o
        30          0          0          0          0          0   handlers.o
        36          8          0          0          0         68   init.o
        30          0          0          0          0         68   llshl.o
        32          0          0          0          0         68   llushr.o
        36          0          0          0          0        108   memseta.o
      1142         54          0          0          0        352   printf8.o
         0          0          0          4          0          0   stdout.o
        98          0          0          0          0         92   uldiv.o

    ----------------------------------------------------------------------
      1432         70          0          4          0        756   Library Totals
         4          0          0          0          0          0   (incl. Padding)

    ----------------------------------------------------------------------

      Code (inc. data)   RO Data    RW Data    ZI Data      Debug   Library Name

      1428         70          0          4          0        756   mc_w.l

    ----------------------------------------------------------------------
      1432         70          0          4          0        756   Library Totals

    ----------------------------------------------------------------------

==============================================================================


      Code (inc. data)   RO Data    RW Data    ZI Data      Debug   

      7060        594        424        144       1272     359820   Grand Totals
      7060        594        424        144       1272     359820   ELF Image Totals
      7060        594        424        144          0          0   ROM Totals

==============================================================================

    Total RO  Size (Code + RO Data)                 7484 (   7.31kB)
    Total RW  Size (RW Data + ZI Data)              1416 (   1.38kB)
    Total ROM Size (Code + RO Data + RW Data)       7628 (   7.45kB)

==============================================================================

